Component: ARM Compiler 5.06 update 5 (build 528) Tool: armlink [4d35e2]

==============================================================================

Section Cross References

    arm_startup_nrf52.o(RESET) refers to arm_startup_nrf52.o(STACK) for __initial_sp
    arm_startup_nrf52.o(RESET) refers to arm_startup_nrf52.o(.text) for Reset_Handler
    arm_startup_nrf52.o(RESET) refers to nrfx_clock.o(i.POWER_CLOCK_IRQHandler) for POWER_CLOCK_IRQHandler
    arm_startup_nrf52.o(RESET) refers to nrfx_prs.o(i.UARTE0_UART0_IRQHandler) for UARTE0_UART0_IRQHandler
    arm_startup_nrf52.o(RESET) refers to nrfx_gpiote.o(i.GPIOTE_IRQHandler) for GPIOTE_IRQHandler
    arm_startup_nrf52.o(RESET) refers to app_timer.o(i.RTC1_IRQHandler) for RTC1_IRQHandler
    arm_startup_nrf52.o(RESET) refers to app_timer.o(i.SWI0_EGU0_IRQHandler) for SWI0_EGU0_IRQHandler
    arm_startup_nrf52.o(RESET) refers to nrf_sdh.o(i.SWI2_EGU2_IRQHandler) for SWI2_EGU2_IRQHandler
    arm_startup_nrf52.o(.text) refers to system_nrf52.o(i.SystemInit) for SystemInit
    arm_startup_nrf52.o(.text) refers to entry.o(.ARM.Collect$$$$00000000) for __main
    system_nrf52.o(i.SystemCoreClockUpdate) refers to system_nrf52.o(.data) for SystemCoreClock
    system_nrf52.o(i.SystemInit) refers to system_nrf52.o(i.errata_12) for errata_12
    system_nrf52.o(i.SystemInit) refers to system_nrf52.o(i.errata_16) for errata_16
    system_nrf52.o(i.SystemInit) refers to system_nrf52.o(i.errata_31) for errata_31
    system_nrf52.o(i.SystemInit) refers to system_nrf52.o(i.errata_32) for errata_32
    system_nrf52.o(i.SystemInit) refers to system_nrf52.o(i.errata_36) for errata_36
    system_nrf52.o(i.SystemInit) refers to system_nrf52.o(i.errata_37) for errata_37
    system_nrf52.o(i.SystemInit) refers to system_nrf52.o(i.errata_57) for errata_57
    system_nrf52.o(i.SystemInit) refers to system_nrf52.o(i.errata_66) for errata_66
    system_nrf52.o(i.SystemInit) refers to system_nrf52.o(i.errata_108) for errata_108
    system_nrf52.o(i.SystemInit) refers to system_nrf52.o(i.errata_136) for errata_136
    system_nrf52.o(i.SystemInit) refers to system_nrf52.o(i.errata_182) for errata_182
    system_nrf52.o(i.SystemInit) refers to system_nrf52.o(i.SystemCoreClockUpdate) for SystemCoreClockUpdate
    main.o(i.led_timer_handler) refers to nrf_log_frontend.o(i.nrf_log_frontend_std_0) for nrf_log_frontend_std_0
    main.o(i.led_timer_handler) refers to nrf_log_frontend.o(log_const_data) for m_nrf_log_app_logs_data_const
    main.o(i.leds_init) refers to main.o(i.nrf_gpio_cfg_output) for nrf_gpio_cfg_output
    main.o(i.leds_init) refers to nrf_log_frontend.o(i.nrf_log_frontend_std_0) for nrf_log_frontend_std_0
    main.o(i.leds_init) refers to nrf_log_frontend.o(log_const_data) for m_nrf_log_app_logs_data_const
    main.o(i.log_init) refers to nrf_log_frontend.o(i.nrf_log_init) for nrf_log_init
    main.o(i.log_init) refers to app_error.o(i.app_error_handler_bare) for app_error_handler_bare
    main.o(i.log_init) refers to nrf_log_default_backends.o(i.nrf_log_default_backends_init) for nrf_log_default_backends_init
    main.o(i.log_init) refers to nrf_log_frontend.o(i.nrf_log_frontend_std_0) for nrf_log_frontend_std_0
    main.o(i.log_init) refers to nrf_log_frontend.o(log_const_data) for m_nrf_log_app_logs_data_const
    main.o(i.main) refers to main.o(i.log_init) for log_init
    main.o(i.main) refers to main.o(i.leds_init) for leds_init
    main.o(i.main) refers to main.o(i.timer_init) for timer_init
    main.o(i.timer_init) refers to app_timer.o(i.app_timer_init) for app_timer_init
    main.o(i.timer_init) refers to app_error.o(i.app_error_handler_bare) for app_error_handler_bare
    main.o(i.timer_init) refers to nrf_log_frontend.o(i.nrf_log_frontend_std_0) for nrf_log_frontend_std_0
    main.o(i.timer_init) refers to app_timer.o(i.app_timer_create) for app_timer_create
    main.o(i.timer_init) refers to app_timer.o(i.app_timer_start) for app_timer_start
    main.o(i.timer_init) refers to nrf_log_frontend.o(i.nrf_log_frontend_std_1) for nrf_log_frontend_std_1
    main.o(i.timer_init) refers to nrf_log_frontend.o(log_const_data) for m_nrf_log_app_logs_data_const
    main.o(i.timer_init) refers to main.o(i.led_timer_handler) for led_timer_handler
    main.o(i.timer_init) refers to main.o(.constdata) for led_timer
    main.o(.constdata) refers to main.o(.bss) for led_timer_data
    nrf_drv_clock.o(i.clock_clk_started_notify) refers to nrf_drv_clock.o(i.item_dequeue) for item_dequeue
    nrf_drv_clock.o(i.clock_clk_started_notify) refers to nrf_drv_clock.o(.bss) for m_clock_cb
    nrf_drv_clock.o(i.clock_irq_handler) refers to nrf_drv_clock.o(i.clock_clk_started_notify) for clock_clk_started_notify
    nrf_drv_clock.o(i.clock_irq_handler) refers to nrf_drv_clock.o(.bss) for m_clock_cb
    nrf_drv_clock.o(i.hfclk_start) refers to nrf_sdh.o(i.nrf_sdh_is_enabled) for nrf_sdh_is_enabled
[...]
    im_find_duplicate_bonding_data           0x00028c05   Thumb Code    56  id_manager.o(i.im_find_duplicate_bonding_data)
    im_is_duplicate_bonding_data             0x00028c3d   Thumb Code   144  id_manager.o(i.im_is_duplicate_bonding_data)
    im_master_id_is_valid                    0x00028ccd   Thumb Code    34  id_manager.o(i.im_master_id_is_valid)
    im_master_ids_compare                    0x00028cef   Thumb Code    50  id_manager.o(i.im_master_ids_compare)
    im_new_peer_id                           0x00028d21   Thumb Code    16  id_manager.o(i.im_new_peer_id)
    im_peer_free                             0x00028d35   Thumb Code    44  id_manager.o(i.im_peer_free)
    im_peer_id_get_by_conn_handle            0x00028d65   Thumb Code    34  id_manager.o(i.im_peer_id_get_by_conn_handle)
    im_peer_id_get_by_master_id              0x00028d8d   Thumb Code    64  id_manager.o(i.im_peer_id_get_by_master_id)
    is_valid_irk                             0x000290eb   Thumb Code    24  id_manager.o(i.is_valid_irk)
    main                                     0x000297e1   Thumb Code    16  main.o(i.main)
    next_id_get                              0x00029959   Thumb Code    52  peer_id.o(i.next_id_get)
    nrf_atfifo_clear                         0x0002998d   Thumb Code    22  nrf_atfifo.o(i.nrf_atfifo_clear)
    nrf_atfifo_init                          0x000299a3   Thumb Code    40  nrf_atfifo.o(i.nrf_atfifo_init)
    nrf_atfifo_item_alloc                    0x000299cb   Thumb Code    28  nrf_atfifo.o(i.nrf_atfifo_item_alloc)
    nrf_atfifo_item_free                     0x000299e7   Thumb Code    28  nrf_atfifo.o(i.nrf_atfifo_item_free)
    nrf_atfifo_item_get                      0x00029a03   Thumb Code    28  nrf_atfifo.o(i.nrf_atfifo_item_get)
    nrf_atfifo_item_put                      0x00029a1f   Thumb Code    28  nrf_atfifo.o(i.nrf_atfifo_item_put)
    nrf_atflags_clear                        0x00029a3b   Thumb Code    30  nrf_atflags.o(i.nrf_atflags_clear)
    nrf_atflags_fetch_set                    0x00029a59   Thumb Code    46  nrf_atflags.o(i.nrf_atflags_fetch_set)
    nrf_atflags_find_and_set_flag            0x00029a87   Thumb Code    96  nrf_atflags.o(i.nrf_atflags_find_and_set_flag)
    nrf_atflags_get                          0x00029ae7   Thumb Code    30  nrf_atflags.o(i.nrf_atflags_get)
    nrf_atflags_set                          0x00029b05   Thumb Code    30  nrf_atflags.o(i.nrf_atflags_set)
    nrf_atomic_flag_clear_fetch              0x00029b23   Thumb Code    14  nrf_atomic.o(i.nrf_atomic_flag_clear_fetch)
    nrf_atomic_flag_set                      0x00029b31   Thumb Code    14  nrf_atomic.o(i.nrf_atomic_flag_set)
    nrf_atomic_flag_set_fetch                0x00029b3f   Thumb Code    14  nrf_atomic.o(i.nrf_atomic_flag_set_fetch)
    nrf_atomic_u32_add                       0x00029b4d   Thumb Code    22  nrf_atomic.o(i.nrf_atomic_u32_add)
    nrf_atomic_u32_and                       0x00029b63   Thumb Code    22  nrf_atomic.o(i.nrf_atomic_u32_and)
    nrf_atomic_u32_fetch_add                 0x00029b79   Thumb Code    22  nrf_atomic.o(i.nrf_atomic_u32_fetch_add)
    nrf_atomic_u32_fetch_and                 0x00029b8f   Thumb Code    22  nrf_atomic.o(i.nrf_atomic_u32_fetch_and)
    nrf_atomic_u32_fetch_or                  0x00029ba5   Thumb Code    22  nrf_atomic.o(i.nrf_atomic_u32_fetch_or)
    nrf_atomic_u32_fetch_store               0x00029bbb   Thumb Code    22  nrf_atomic.o(i.nrf_atomic_u32_fetch_store)
    nrf_atomic_u32_or                        0x00029bd1   Thumb Code    22  nrf_atomic.o(i.nrf_atomic_u32_or)
    nrf_atomic_u32_sub                       0x00029be7   Thumb Code    22  nrf_atomic.o(i.nrf_atomic_u32_sub)
    nrf_balloc_alloc                         0x00029bfd   Thumb Code    82  nrf_balloc.o(i.nrf_balloc_alloc)
    nrf_balloc_free                          0x00029c5f   Thumb Code    48  nrf_balloc.o(i.nrf_balloc_free)
    nrf_balloc_init                          0x00029c9b   Thumb Code    60  nrf_balloc.o(i.nrf_balloc_init)
    nrf_drv_clock_init                       0x00029d3d   Thumb Code    54  nrf_drv_clock.o(i.nrf_drv_clock_init)
    nrf_drv_clock_lfclk_release              0x00029d7d   Thumb Code    42  nrf_drv_clock.o(i.nrf_drv_clock_lfclk_release)
    nrf_fprintf                              0x00029dad   Thumb Code    42  nrf_fprintf.o(i.nrf_fprintf)
    nrf_fprintf_buffer_flush                 0x00029dd7   Thumb Code    28  nrf_fprintf.o(i.nrf_fprintf_buffer_flush)
    nrf_fprintf_fmt                          0x00029df3   Thumb Code   496  nrf_fprintf_format.o(i.nrf_fprintf_fmt)
    nrf_fstorage_erase                       0x00029fe5   Thumb Code   244  nrf_fstorage.o(i.nrf_fstorage_erase)
    nrf_fstorage_sdh_req_handler             0x0002a155   Thumb Code    22  nrf_fstorage_sd.o(i.nrf_fstorage_sdh_req_handler)
    nrf_fstorage_sdh_state_handler           0x0002a171   Thumb Code    40  nrf_fstorage_sd.o(i.nrf_fstorage_sdh_state_handler)
    nrf_fstorage_sys_evt_handler             0x0002a19d   Thumb Code   130  nrf_fstorage_sd.o(i.nrf_fstorage_sys_evt_handler)
    nrf_fstorage_write                       0x0002a229   Thumb Code   380  nrf_fstorage.o(i.nrf_fstorage_write)
    nrf_log_backend_add                      0x0002a559   Thumb Code    78  nrf_log_frontend.o(i.nrf_log_backend_add)
    nrf_log_backend_rtt_init                 0x0002a5af   Thumb Code     8  nrf_log_backend_rtt.o(i.nrf_log_backend_rtt_init)
    nrf_log_backend_serial_put               0x0002a5d9   Thumb Code   242  nrf_log_backend_serial.o(i.nrf_log_backend_serial_put)
    nrf_log_color_id_get                     0x0002a6cd   Thumb Code    52  nrf_log_frontend.o(i.nrf_log_color_id_get)
    nrf_log_default_backends_init            0x0002a705   Thumb Code    34  nrf_log_default_backends.o(i.nrf_log_default_backends_init)
    nrf_log_frontend_dequeue                 0x0002a72d   Thumb Code   744  nrf_log_frontend.o(i.nrf_log_frontend_dequeue)
    nrf_log_frontend_std_0                   0x0002aa39   Thumb Code    20  nrf_log_frontend.o(i.nrf_log_frontend_std_0)
    nrf_log_frontend_std_1                   0x0002aa4d   Thumb Code    24  nrf_log_frontend.o(i.nrf_log_frontend_std_1)
    nrf_log_frontend_std_2                   0x0002aa65   Thumb Code    32  nrf_log_frontend.o(i.nrf_log_frontend_std_2)
    nrf_log_frontend_std_3                   0x0002aa85   Thumb Code    40  nrf_log_frontend.o(i.nrf_log_frontend_std_3)
    nrf_log_hexdump_entry_process            0x0002aaad   Thumb Code   158  nrf_log_str_formatter.o(i.nrf_log_hexdump_entry_process)
    nrf_log_init                             0x0002ab65   Thumb Code    70  nrf_log_frontend.o(i.nrf_log_init)
    nrf_log_module_cnt_get                   0x0002abc1   Thumb Code    10  nrf_log_frontend.o(i.nrf_log_module_cnt_get)
    nrf_log_module_name_get                  0x0002abd5   Thumb Code    30  nrf_log_frontend.o(i.nrf_log_module_name_get)
    nrf_log_panic                            0x0002abf9   Thumb Code    50  nrf_log_frontend.o(i.nrf_log_panic)
    nrf_log_std_entry_process                0x0002ac31   Thumb Code   200  nrf_log_str_formatter.o(i.nrf_log_std_entry_process)
    nrf_memobj_alloc                         0x0002acf9   Thumb Code   122  nrf_memobj.o(i.nrf_memobj_alloc)
    nrf_memobj_free                          0x0002ad73   Thumb Code    64  nrf_memobj.o(i.nrf_memobj_free)
    nrf_memobj_get                           0x0002adb3   Thumb Code    16  nrf_memobj.o(i.nrf_memobj_get)
    nrf_memobj_pool_init                     0x0002adc3   Thumb Code    12  nrf_memobj.o(i.nrf_memobj_pool_init)
    nrf_memobj_put                           0x0002adcf   Thumb Code    30  nrf_memobj.o(i.nrf_memobj_put)
    nrf_memobj_read                          0x0002aded   Thumb Code    34  nrf_memobj.o(i.nrf_memobj_read)
    nrf_memobj_write                         0x0002ae0f   Thumb Code    34  nrf_memobj.o(i.nrf_memobj_write)
    nrf_ringbuf_init                         0x0002ae3b   Thumb Code    28  nrf_ringbuf.o(i.nrf_ringbuf_init)
    nrf_sdh_disable_request                  0x0002aec9   Thumb Code    90  nrf_sdh.o(i.nrf_sdh_disable_request)
    nrf_sdh_enable_request                   0x0002af2d   Thumb Code   112  nrf_sdh.o(i.nrf_sdh_enable_request)
    nrf_sdh_evts_poll                        0x0002afb1   Thumb Code    44  nrf_sdh.o(i.nrf_sdh_evts_poll)
    nrf_sdh_is_enabled                       0x0002afe1   Thumb Code     6  nrf_sdh.o(i.nrf_sdh_is_enabled)
    nrf_sdh_request_continue                 0x0002afed   Thumb Code    30  nrf_sdh.o(i.nrf_sdh_request_continue)
    nrf_section_iter_init                    0x0002b06f   Thumb Code    20  nrf_section_iter.o(i.nrf_section_iter_init)
    nrf_section_iter_next                    0x0002b0b1   Thumb Code    46  nrf_section_iter.o(i.nrf_section_iter_next)
    nrf_strerror_find                        0x0002b0e1   Thumb Code    60  nrf_strerror.o(i.nrf_strerror_find)
    nrf_strerror_get                         0x0002b121   Thumb Code    22  nrf_strerror.o(i.nrf_strerror_get)
    nrfx_clock_enable                        0x0002b13d   Thumb Code    16  nrfx_clock.o(i.nrfx_clock_enable)
    nrfx_clock_init                          0x0002b151   Thumb Code    30  nrfx_clock.o(i.nrfx_clock_init)
    nrfx_clock_lfclk_stop                    0x0002b175   Thumb Code    26  nrfx_clock.o(i.nrfx_clock_lfclk_stop)
    pdb_pds_evt_handler                      0x0002b5f1   Thumb Code   104  peer_database.o(i.pdb_pds_evt_handler)
    pdb_peer_data_ptr_get                    0x0002b65d   Thumb Code    22  peer_database.o(i.pdb_peer_data_ptr_get)
    pdb_peer_free                            0x0002b675   Thumb Code   154  peer_database.o(i.pdb_peer_free)
    pdb_write_buf_get                        0x0002b721   Thumb Code   224  peer_database.o(i.pdb_write_buf_get)
    pdb_write_buf_release                    0x0002b811   Thumb Code    32  peer_database.o(i.pdb_write_buf_release)
    pdb_write_buf_store                      0x0002b831   Thumb Code    68  peer_database.o(i.pdb_write_buf_store)
    pds_next_deleted_peer_id_get             0x0002b899   Thumb Code    12  peer_data_storage.o(i.pds_next_deleted_peer_id_get)
    pds_next_peer_id_get                     0x0002b8a5   Thumb Code    12  peer_data_storage.o(i.pds_next_peer_id_get)
    pds_peer_data_iterate                    0x0002b8b1   Thumb Code   104  peer_data_storage.o(i.pds_peer_data_iterate)
    pds_peer_data_iterate_prepare            0x0002b91d   Thumb Code    10  peer_data_storage.o(i.pds_peer_data_iterate_prepare)
    pds_peer_data_read                       0x0002b92d   Thumb Code   154  peer_data_storage.o(i.pds_peer_data_read)
    pds_peer_data_store                      0x0002b9c9   Thumb Code   174  peer_data_storage.o(i.pds_peer_data_store)
    pds_peer_id_allocate                     0x0002ba85   Thumb Code    12  peer_data_storage.o(i.pds_peer_id_allocate)
    pds_peer_id_free                         0x0002ba91   Thumb Code    30  peer_data_storage.o(i.pds_peer_id_free)
    pds_peer_id_is_allocated                 0x0002baaf   Thumb Code    12  peer_data_storage.o(i.pds_peer_id_is_allocated)
    peer_id_allocate                         0x0002bc05   Thumb Code    14  peer_id.o(i.peer_id_allocate)
    peer_id_delete                           0x0002bc19   Thumb Code    38  peer_id.o(i.peer_id_delete)
    peer_id_free                             0x0002bc45   Thumb Code    24  peer_id.o(i.peer_id_free)
    peer_id_get_next_deleted                 0x0002bc61   Thumb Code    14  peer_id.o(i.peer_id_get_next_deleted)
    peer_id_get_next_used                    0x0002bc75   Thumb Code    50  peer_id.o(i.peer_id_get_next_used)
    peer_id_is_allocated                     0x0002bcad   Thumb Code    22  peer_id.o(i.peer_id_is_allocated)
    peer_id_is_deleted                       0x0002bcc9   Thumb Code    22  peer_id.o(i.peer_id_is_deleted)
    pm_buffer_block_acquire                  0x0002bcef   Thumb Code    98  pm_buffer.o(i.pm_buffer_block_acquire)
    pm_buffer_ptr_get                        0x0002bd51   Thumb Code    48  pm_buffer.o(i.pm_buffer_ptr_get)
    pm_buffer_release                        0x0002bd81   Thumb Code    40  pm_buffer.o(i.pm_buffer_release)
    pm_gcm_evt_handler                       0x0002bda9   Thumb Code    12  peer_manager.o(i.pm_gcm_evt_handler)
    pm_im_evt_handler                        0x0002bdb5   Thumb Code    12  peer_manager.o(i.pm_im_evt_handler)
    pm_pdb_evt_handler                       0x0002bdc1   Thumb Code   366  peer_manager.o(i.pm_pdb_evt_handler)
    pm_peer_ranks_get                        0x0002bf45   Thumb Code   260  peer_manager.o(i.pm_peer_ranks_get)
    pm_sm_evt_handler                        0x0002c059   Thumb Code    22  peer_manager.o(i.pm_sm_evt_handler)
    sm_ble_evt_handler                       0x0002d0b1   Thumb Code    36  security_manager.o(i.sm_ble_evt_handler)
    sm_pdb_evt_handler                       0x0002d0e5   Thumb Code    70  security_manager.o(i.sm_pdb_evt_handler)
    sm_smd_evt_handler                       0x0002d13d   Thumb Code    50  security_manager.o(i.sm_smd_evt_handler)
    smd_ble_evt_handler                      0x0002d16f   Thumb Code    76  security_dispatcher.o(i.smd_ble_evt_handler)
    smd_link_secure                          0x0002d1bb   Thumb Code    40  security_dispatcher.o(i.smd_link_secure)
    smd_params_reply                         0x0002d1e5   Thumb Code   184  security_dispatcher.o(i.smd_params_reply)
    store_car_value                          0x0002d461   Thumb Code    80  gatt_cache_manager.o(i.store_car_value)
    write_buf_store                          0x0002dae5   Thumb Code   222  peer_database.o(i.write_buf_store)
    nrf_fstorage_sd                          0x0002e170   Data          32  nrf_fstorage_sd.o(.constdata)
    nrf_log_backend_rtt_api                  0x0002e2d0   Data          12  nrf_log_backend_rtt.o(.constdata)
    m_ram_start                              0x0002e33c   Data           4  nrf_sdh_ble.o(.constdata)
    __ctype_table                            0x0002e4e8   Data         129  ctype_o.o(.constdata)
    Region$$Table$$Base                      0x0002f3f0   Number         0  anon$$obj.o(Region$$Table)
    Region$$Table$$Limit                     0x0002f410   Number         0  anon$$obj.o(Region$$Table)
    log_const_data$$Base                     0x0002f420   Number         0  nrf_drv_clock.o(log_const_data)
    m_nrf_log_clock_logs_data_const          0x0002f420   Data           8  nrf_drv_clock.o(log_const_data)
    m_nrf_log_CLOCK_logs_data_const          0x0002f428   Data           8  nrfx_clock.o(log_const_data)
    m_nrf_log_GPIOTE_logs_data_const         0x0002f430   Data           8  nrfx_gpiote.o(log_const_data)
    m_nrf_log_UART_logs_data_const           0x0002f438   Data           8  nrfx_uart.o(log_const_data)
    m_nrf_log_UARTE_logs_data_const          0x0002f440   Data           8  nrfx_uarte.o(log_const_data)
    m_nrf_log_PRS_logs_data_const            0x0002f448   Data           8  nrfx_prs.o(log_const_data)
    m_nrf_log_nrf_fstorage_logs_data_const   0x0002f450   Data           8  nrf_fstorage.o(log_const_data)
    m_nrf_log_pwr_mgmt_logs_data_const       0x0002f458   Data           8  nrf_pwr_mgmt.o(log_const_data)
    m_nrf_log_app_logs_data_const            0x0002f460   Data           8  nrf_log_frontend.o(log_const_data)
    m_nrf_log_nrf_sdh_soc_logs_data_const    0x0002f468   Data           8  nrf_sdh_soc.o(log_const_data)
    m_nrf_log_nrf_sdh_ble_logs_data_const    0x0002f470   Data           8  nrf_sdh_ble.o(log_const_data)
    m_nrf_log_nrf_sdh_logs_data_const        0x0002f478   Data           8  nrf_sdh.o(log_const_data)
    m_nrf_log_nrf_ble_gatt_logs_data_const   0x0002f480   Data           8  nrf_ble_gatt.o(log_const_data)
    m_nrf_log_peer_manager_gcm_logs_data_const 0x0002f488   Data           8  gatt_cache_manager.o(log_const_data)
    m_nrf_log_peer_manager_gscm_logs_data_const 0x0002f490   Data           8  gatts_cache_manager.o(log_const_data)
    m_nrf_log_peer_manager_im_logs_data_const 0x0002f498   Data           8  id_manager.o(log_const_data)
    m_nrf_log_peer_manager_pds_logs_data_const 0x0002f4a0   Data           8  peer_data_storage.o(log_const_data)
    m_nrf_log_peer_manager_pdb_logs_data_const 0x0002f4a8   Data           8  peer_database.o(log_const_data)
    m_nrf_log_peer_manager_logs_data_const   0x0002f4b0   Data           8  peer_manager.o(log_const_data)
    m_nrf_log_peer_manager_handler_logs_data_const 0x0002f4b8   Data           8  peer_manager_handler.o(log_const_data)
    m_nrf_log_peer_manager_smd_logs_data_const 0x0002f4c0   Data           8  security_dispatcher.o(log_const_data)
    m_nrf_log_peer_manager_sm_logs_data_const 0x0002f4c8   Data           8  security_manager.o(log_const_data)
    log_const_data$$Limit                    0x0002f4d0   Number         0  security_manager.o(log_const_data)
    log_mempool                              0x0002f4d0   Data          20  nrf_log_frontend.o(nrf_balloc)
    sdh_ble_observers0$$Base                 0x0002f4e4   Number         0  ble_conn_state.o(sdh_ble_observers0)
    sdh_ble_observers0$$Limit                0x0002f4ec   Number         0  ble_conn_state.o(sdh_ble_observers0)
    sdh_ble_observers1$$Base                 0x0002f4ec   Number         0  ble_conn_params.o(sdh_ble_observers1)
    m_req_obs                                0x0002f4fc   Data           8  nrf_fstorage_sd.o(sdh_req_observers0)
    sdh_ble_observers1$$Limit                0x0002f4fc   Number         0  peer_manager.o(sdh_ble_observers1)
    sdh_req_observers0$$Base                 0x0002f4fc   Number         0  nrf_fstorage_sd.o(sdh_req_observers0)
    sdh_req_observers0$$Limit                0x0002f504   Number         0  nrf_fstorage_sd.o(sdh_req_observers0)
    sdh_soc_observers0$$Base                 0x0002f504   Number         0  nrf_drv_clock.o(sdh_soc_observers0)
    sdh_soc_observers0$$Limit                0x0002f514   Number         0  nrf_fstorage_sd.o(sdh_soc_observers0)
    sdh_stack_observers0$$Base               0x0002f514   Number         0  nrf_sdh_soc.o(sdh_stack_observers0)
    sdh_stack_observers0$$Limit              0x0002f524   Number         0  nrf_sdh_ble.o(sdh_stack_observers0)
    sdh_state_observers0$$Base               0x0002f524   Number         0  nrf_drv_clock.o(sdh_state_observers0)
    sdh_state_observers0$$Limit              0x0002f534   Number         0  nrf_fstorage_sd.o(sdh_state_observers0)
    Image$$RW_IRAM1$$Base                    0x20002218   Number         0  anon$$obj.o ABSOLUTE
    SystemCoreClock                          0x20002218   Data           4  system_nrf52.o(.data)
    fs_data$$Base                            0x20002338   Number         0  fds.o(fs_data)
    m_fs                                     0x20002338   Data          20  fds.o(fs_data)
    fs_data$$Limit                           0x2000234c   Number         0  fds.o(fs_data)
    nrf_nvic_state                           0x20002688   Data          12  app_util_platform.o(.bss)
    _SEGGER_RTT                              0x20002c50   Data         120  segger_rtt.o(.bss)
    __initial_sp                             0x20005288   Data           0  arm_startup_nrf52.o(STACK)



==============================================================================

Memory Map of the image

  Image Entry point : 0x00026201

  Load Region LR_IROM1 (Base: 0x00026000, Size: 0x00009668, Max: 0x0005a000, ABSOLUTE, COMPRESSED[0x00009578])

    Execution Region ER_IROM1 (Exec base: 0x00026000, Load base: 0x00026000, Size: 0x00009534, Max: 0x0005a000, ABSOLUTE)

    Exec Addr    Load Addr    Size         Type   Attr      Idx    E Section Name        Object

    0x00026000   0x00026000   0x00000200   Data   RO            3    RESET               arm_startup_nrf52.o
    0x00026200   0x00026200   0x00000000   Code   RO         6965  * .ARM.Collect$$$$00000000  mc_w.l(entry.o)
    0x00026200   0x00026200   0x00000004   Code   RO         7017    .ARM.Collect$$$$00000001  mc_w.l(entry2.o)
    0x00026204   0x00026204   0x00000004   Code   RO         7020    .ARM.Collect$$$$00000004  mc_w.l(entry5.o)
    0x00026208   0x00026208   0x00000000   Code   RO         7022    .ARM.Collect$$$$00000008  mc_w.l(entry7b.o)
    0x00026208   0x00026208   0x00000000   Code   RO         7024    .ARM.Collect$$$$0000000A  mc_w.l(entry8b.o)
    0x00026208   0x00026208   0x00000008   Code   RO         7025    .ARM.Collect$$$$0000000B  mc_w.l(entry9a.o)
    0x00026210   0x00026210   0x00000000   Code   RO         7027    .ARM.Collect$$$$0000000D  mc_w.l(entry10a.o)
    0x00026210   0x00026210   0x00000000   Code   RO         7029    .ARM.Collect$$$$0000000F  mc_w.l(entry11a.o)
    0x00026210   0x00026210   0x00000004   Code   RO         7018    .ARM.Collect$$$$00002712  mc_w.l(entry2.o)
    0x00026214   0x00026214   0x000000c8   Code   RO         2423    .emb_text           nrf_atfifo.o
    0x000262dc   0x000262dc   0x000000e2   Code   RO         2557    .emb_text           nrf_atomic.o
    0x000263be   0x000263be   0x00000002   PAD
    0x000263c0   0x000263c0   0x00000024   Code   RO            4    .text               arm_startup_nrf52.o
    0x000263e4   0x000263e4   0x00000008   Code   RO         6975    .text               mc_w.l(ctype_o.o)
    0x000263ec   0x000263ec   0x00000024   Code   RO         7003    .text               mc_w.l(memcpya.o)
    0x00026410   0x00026410   0x00000024   Code   RO         7005    .text               mc_w.l(memseta.o)
    0x00026434   0x00026434   0x0000000e   Code   RO         7007    .text               mc_w.l(strlen.o)
    0x00026442   0x00026442   0x0000001a   Code   RO         7011    .text               mc_w.l(memcmp.o)
    0x0002645c   0x0002645c   0x00000012   Code   RO         7013    .text               mc_w.l(strcpy.o)
    0x0002646e   0x0002646e   0x00000002   PAD
    0x00026470   0x00026470   0x00000024   Code   RO         7033    .text               mc_w.l(init.o)
    0x00026494   0x00026494   0x00000056   Code   RO         7043    .text               mc_w.l(__dczerorl2.o)
    0x000264ea   0x000264ea   0x00000002   PAD
    0x000264ec   0x000264ec   0x0000021c   Code   RO          754    i.GPIOTE_IRQHandler  nrfx_gpiote.o
    0x00026708   0x00026708   0x00000018   Code   RO         1737    i.NVIC_ClearPendingIRQ  app_timer.o
    0x00026720   0x00026720   0x00000016   Code   RO         1738    i.NVIC_EnableIRQ    app_timer.o
    0x00026736   0x00026736   0x00000002   PAD
    0x00026738   0x00026738   0x00000018   Code   RO         1739    i.NVIC_SetPendingIRQ  app_timer.o
    0x00026750   0x00026750   0x00000028   Code   RO         1740    i.NVIC_SetPriority  app_timer.o
    0x00026778   0x00026778   0x00000054   Code   RO          598    i.POWER_CLOCK_IRQHandler  nrfx_clock.o
    0x000267cc   0x000267cc   0x00000034   Code   RO         1741    i.RTC1_IRQHandler   app_timer.o
    0x00026800   0x00026800   0x00000008   Code   RO         3981    i.SEGGER_RTT_Init   segger_rtt.o
    0x00026808   0x00026808   0x00000084   Code   RO         3995    i.SEGGER_RTT_WriteNoLock  segger_rtt.o
    0x0002688c   0x0002688c   0x00000008   Code   RO         1742    i.SWI0_EGU0_IRQHandler  app_timer.o
    0x00026894   0x00026894   0x00000008   Code   RO         4334    i.SWI2_EGU2_IRQHandler  nrf_sdh.o
    0x0002689c   0x0002689c   0x00000010   Code   RO           12    i.SystemCoreClockUpdate  system_nrf52.o
    0x000268ac   0x000268ac   0x00000264   Code   RO           13    i.SystemInit        system_nrf52.o
    0x00026b10   0x00026b10   0x00000010   Code   RO         1552    i.UARTE0_UART0_IRQHandler  nrfx_prs.o
    0x00026b20   0x00026b20   0x00000070   Code   RO         3999    i._DoInit           segger_rtt.o
    0x00026b90   0x00026b90   0x0000001c   Code   RO         4000    i._GetAvailWriteSpace  segger_rtt.o
    0x00026bac   0x00026bac   0x00000072   Code   RO         4002    i._WriteBlocking    segger_rtt.o
    0x00026c1e   0x00026c1e   0x0000004c   Code   RO         4003    i._WriteNoCheck     segger_rtt.o
    0x00026c6a   0x00026c6a   0x0000000e   Code   RO         7037    i.__scatterload_copy  mc_w.l(handlers.o)
    0x00026c78   0x00026c78   0x00000002   Code   RO         7038    i.__scatterload_null  mc_w.l(handlers.o)
    0x00026c7a   0x00026c7a   0x0000000e   Code   RO         7039    i.__scatterload_zeroinit  mc_w.l(handlers.o)
    0x00026c88   0x00026c88   0x00000038   Code   RO         4335    i.__sd_nvic_app_accessible_irq  nrf_sdh.o
    0x00026cc0   0x00026cc0   0x0000000c   Code   RO         3350    i.__sd_nvic_irq_disable  app_util_platform.o
    0x00026ccc   0x00026ccc   0x00000032   Code   RO         5528    i.addr_compare      id_manager.o
    0x00026cfe   0x00026cfe   0x00000010   Code   RO         2811    i.addr_is_aligned32  nrf_fstorage.o
    0x00026d0e   0x00026d0e   0x00000014   Code   RO         2812    i.addr_is_page_aligned  nrf_fstorage.o
    0x00026d22   0x00026d22   0x0000001c   Code   RO         2813    i.addr_is_within_bounds  nrf_fstorage.o
    0x00026d3e   0x00026d3e   0x00000002   PAD
    0x00026d40   0x00026d40   0x0000002c   Code   RO         1961    i.address_is_valid  fds.o
    0x00026d6c   0x00026d6c   0x00000056   Code   RO         5529    i.ah                id_manager.o
    0x00026dc2   0x00026dc2   0x00000002   PAD
    0x00026dc4   0x00026dc4   0x00000014   Code   RO         6564    i.allow_repairing   security_dispatcher.o
    0x00026dd8   0x00026dd8   0x000000a4   Code   RO         3324    i.app_error_fault_handler  app_error_weak.o
    0x00026e7c   0x00026e7c   0x0000001c   Code   RO         3276    i.app_error_handler_bare  app_error.o
    0x00026e98   0x00026e98   0x0000003c   Code   RO         1745    i.app_timer_create  app_timer.o
    0x00026ed4   0x00026ed4   0x0000005c   Code   RO         1746    i.app_timer_init    app_timer.o
    0x00026f30   0x00026f30   0x00000054   Code   RO         1749    i.app_timer_start   app_timer.o
    0x00026f84   0x00026f84   0x00000030   Code   RO         1750    i.app_timer_stop    app_timer.o
    0x00026fb4   0x00026fb4   0x0000000c   Code   RO         3351    i.app_util_critical_region_enter  app_util_platform.o
    0x00026fc0   0x00026fc0   0x00000048   Code   RO         3352    i.app_util_critical_region_exit  app_util_platform.o
    0x00027008   0x00027008   0x0000000e   Code   RO         5263    i.apply_pending_handle  gatt_cache_manager.o
    0x00027016   0x00027016   0x00000014   Code   RO         6565    i.auth_status_failure_process  security_dispatcher.o
    0x0002702a   0x0002702a   0x0000001c   Code   RO         6566    i.auth_status_process  security_dispatcher.o
    0x00027046   0x00027046   0x00000002   PAD
    0x00027048   0x00027048   0x000001bc   Code   RO         6567    i.auth_status_success_process  security_dispatcher.o
    0x00027204   0x00027204   0x0000003c   Code   RO         3596    i.backend_id_assign  nrf_log_frontend.o
    0x00027240   0x00027240   0x00000020   Code   RO         4686    i.ble_conn_state_encrypted  ble_conn_state.o
    0x00027260   0x00027260   0x00000028   Code   RO         4688    i.ble_conn_state_for_each_set_user_flag  ble_conn_state.o
    0x00027288   0x00027288   0x0000002c   Code   RO         4693    i.ble_conn_state_role  ble_conn_state.o
    0x000272b4   0x000272b4   0x0000002c   Code   RO         4696    i.ble_conn_state_user_flag_get  ble_conn_state.o
    0x000272e0   0x000272e0   0x0000003c   Code   RO         4697    i.ble_conn_state_user_flag_set  ble_conn_state.o
    0x0002731c   0x0002731c   0x0000001c   Code   RO         4698    i.ble_conn_state_valid  ble_conn_state.o
    0x00027338   0x00027338   0x00000040   Code   RO         4585    i.ble_evt_handler   ble_conn_params.o
    0x00027378   0x00027378   0x000000b4   Code   RO         4699    i.ble_evt_handler   ble_conn_state.o
    0x0002742c   0x0002742c   0x0000002c   Code   RO         6111    i.ble_evt_handler   peer_manager.o
    0x00027458   0x00027458   0x00000012   Code   RO         4859    i.ble_srv_is_notification_enabled  ble_srv_common.o
    0x0002746a   0x0002746a   0x00000002   PAD
    0x0002746c   0x0002746c   0x000000e4   Code   RO         3597    i.buf_prealloc      nrf_log_frontend.o
    0x00027550   0x00027550   0x00000020   Code   RO         2770    i.buffer_add        nrf_fprintf_format.o
    0x00027570   0x00027570   0x00000018   Code   RO         3598    i.buffer_is_empty   nrf_log_frontend.o
    0x00027588   0x00027588   0x0000002c   Code   RO         5264    i.car_update_needed  gatt_cache_manager.o
    0x000275b4   0x000275b4   0x00000030   Code   RO         5265    i.car_update_pending_handle  gatt_cache_manager.o
    0x000275e4   0x000275e4   0x00000020   Code   RO         5266    i.cccd_written      gatt_cache_manager.o
    0x00027604   0x00027604   0x00000010   Code   RO          756    i.channel_handler_get  nrfx_gpiote.o
    0x00027614   0x00027614   0x0000000c   Code   RO          758    i.channel_port_get  nrfx_gpiote.o
    0x00027620   0x00027620   0x0000004c   Code   RO         6020    i.claim             peer_id.o
    0x0002766c   0x0002766c   0x00000030   Code   RO          349    i.clock_clk_started_notify  nrf_drv_clock.o
    0x0002769c   0x0002769c   0x00000028   Code   RO          350    i.clock_irq_handler  nrf_drv_clock.o
    0x000276c4   0x000276c4   0x0000008c   Code   RO         1752    i.compare_reg_update  app_timer.o
    0x00027750   0x00027750   0x0000003c   Code   RO         4700    i.conn_handle_list_get  ble_conn_state.o
    0x0002778c   0x0002778c   0x00000054   Code   RO         4586    i.conn_params_negotiation  ble_conn_params.o
    0x000277e0   0x000277e0   0x00000044   Code   RO         6568    i.conn_sec_failure  security_dispatcher.o
    0x00027824   0x00027824   0x00000058   Code   RO         6569    i.conn_sec_update_process  security_dispatcher.o
    0x0002787c   0x0002787c   0x0000003c   Code   RO         5267    i.db_update_pending_handle  gatt_cache_manager.o
    0x000278b8   0x000278b8   0x0000004a   Code   RO         1962    i.delete_execute    fds.o
    0x00027902   0x00027902   0x00000022   Code   RO         6570    i.disconnect_process  security_dispatcher.o
    0x00027924   0x00027924   0x00000018   Code   RO         3599    i.dropped_sat16_get  nrf_log_frontend.o
    0x0002793c   0x0002793c   0x00000064   Code   RO         1753    i.elapsed_ticks_acquire  app_timer.o
    0x000279a0   0x000279a0   0x00000016   Code   RO         6571    i.encryption_failure  security_dispatcher.o
    0x000279b6   0x000279b6   0x00000002   PAD
    0x000279b8   0x000279b8   0x00000058   Code   RO         2899    i.erase             nrf_fstorage_sd.o
    0x00027a10   0x00027a10   0x0000000e   Code   RO         2900    i.erase_execute     nrf_fstorage_sd.o
    0x00027a1e   0x00027a1e   0x00000002   PAD
    0x00027a20   0x00027a20   0x00000054   Code   RO           14    i.errata_108        system_nrf52.o
    0x00027a74   0x00027a74   0x00000054   Code   RO           15    i.errata_12         system_nrf52.o
    0x00027ac8   0x00027ac8   0x00000054   Code   RO           16    i.errata_136        system_nrf52.o
    0x00027b1c   0x00027b1c   0x00000030   Code   RO           17    i.errata_16         system_nrf52.o
    0x00027b4c   0x00027b4c   0x00000020   Code   RO           18    i.errata_182        system_nrf52.o
    0x00027b6c   0x00027b6c   0x00000054   Code   RO           19    i.errata_31         system_nrf52.o
    0x00027bc0   0x00027bc0   0x00000030   Code   RO           20    i.errata_32         system_nrf52.o
    0x00027bf0   0x00027bf0   0x00000054   Code   RO           21    i.errata_36         system_nrf52.o
    0x00027c44   0x00027c44   0x00000030   Code   RO           22    i.errata_37         system_nrf52.o
    0x00027c74   0x00027c74   0x00000030   Code   RO           23    i.errata_57         system_nrf52.o
    0x00027ca4   0x00027ca4   0x00000030   Code   RO           24    i.errata_66         system_nrf52.o
    0x00027cd4   0x00027cd4   0x0000007e   Code   RO         1963    i.event_prepare     fds.o
    0x00027d52   0x00027d52   0x00000002   PAD
    0x00027d54   0x00027d54   0x00000028   Code   RO         1964    i.event_send        fds.o
    0x00027d7c   0x00027d7c   0x00000068   Code   RO         2901    i.event_send        nrf_fstorage_sd.o
    0x00027de4   0x00027de4   0x000000bc   Code   RO         6751    i.events_send_from_err_code  security_manager.o
    0x00027ea0   0x00027ea0   0x0000000c   Code   RO         6752    i.evt_forward       security_manager.o
    0x00027eac   0x00027eac   0x00000028   Code   RO         5268    i.evt_send          gatt_cache_manager.o
    0x00027ed4   0x00027ed4   0x00000020   Code   RO         5530    i.evt_send          id_manager.o
    0x00027ef4   0x00027ef4   0x00000028   Code   RO         6112    i.evt_send          peer_manager.o
    0x00027f1c   0x00027f1c   0x00000028   Code   RO         6572    i.evt_send          security_dispatcher.o
    0x00027f44   0x00027f44   0x00000020   Code   RO         6753    i.evt_send          security_manager.o
    0x00027f64   0x00027f64   0x00000058   Code   RO         1754    i.expired_timers_handler  app_timer.o
    0x00027fbc   0x00027fbc   0x00000044   Code   RO         1966    i.fds_file_delete   fds.o
    0x00028000   0x00028000   0x00000060   Code   RO         1969    i.fds_record_close  fds.o
    0x00028060   0x00028060   0x00000016   Code   RO         1971    i.fds_record_find   fds.o
    0x00028076   0x00028076   0x00000014   Code   RO         1972    i.fds_record_find_by_key  fds.o
    0x0002808a   0x0002808a   0x00000014   Code   RO         1973    i.fds_record_find_in_file  fds.o
    0x0002809e   0x0002809e   0x00000012   Code   RO         1974    i.fds_record_id_from_desc  fds.o
    0x000280b0   0x000280b0   0x0000004c   Code   RO         1976    i.fds_record_open   fds.o
    0x000280fc   0x000280fc   0x0000001a   Code   RO         1977    i.fds_record_update  fds.o
    0x00028116   0x00028116   0x00000014   Code   RO         1978    i.fds_record_write  fds.o
    0x0002812a   0x0002812a   0x00000002   PAD
    0x0002812c   0x0002812c   0x00000034   Code   RO         1984    i.file_find_and_delete  fds.o
    0x00028160   0x00028160   0x0000000a   Code   RO         5697    i.file_id_to_peer_id  peer_data_storage.o
    0x0002816a   0x0002816a   0x00000002   PAD
    0x0002816c   0x0002816c   0x0000004c   Code   RO         6755    i.flags_set_from_err_code  security_manager.o
    0x000281b8   0x000281b8   0x00000032   Code   RO         4701    i.for_each_set_flag  ble_conn_state.o
    0x000281ea   0x000281ea   0x0000000c   Code   RO         1988    i.fs_event_handler  fds.o
    0x000281f6   0x000281f6   0x00000002   PAD
    0x000281f8   0x000281f8   0x00000070   Code   RO         1989    i.gc_execute        fds.o
    0x00028268   0x00028268   0x00000040   Code   RO         1990    i.gc_init           fds.o
    0x000282a8   0x000282a8   0x00000028   Code   RO         1991    i.gc_next_page      fds.o
    0x000282d0   0x000282d0   0x0000004c   Code   RO         1992    i.gc_page_erase     fds.o
    0x0002831c   0x0002831c   0x00000050   Code   RO         1993    i.gc_page_next      fds.o
    0x0002836c   0x0002836c   0x00000040   Code   RO         1994    i.gc_record_copy    fds.o
    0x000283ac   0x000283ac   0x00000024   Code   RO         1995    i.gc_record_find_next  fds.o
    0x000283d0   0x000283d0   0x00000058   Code   RO         1996    i.gc_state_advance  fds.o
    0x00028428   0x00028428   0x0000002c   Code   RO         1997    i.gc_swap_erase     fds.o
    0x00028454   0x00028454   0x00000050   Code   RO         1998    i.gc_swap_pages     fds.o
    0x000284a4   0x000284a4   0x00000024   Code   RO         1999    i.gc_swap_promote   fds.o
    0x000284c8   0x000284c8   0x00000018   Code   RO         2000    i.gc_tag_new_swap   fds.o
    0x000284e0   0x000284e0   0x00000020   Code   RO         2001    i.gc_update_swap_offset  fds.o
    0x00028500   0x00028500   0x000001ec   Code   RO         5269    i.gcm_ble_evt_handler  gatt_cache_manager.o
    0x000286ec   0x000286ec   0x00000026   Code   RO         5270    i.gcm_im_evt_handler  gatt_cache_manager.o
    0x00028712   0x00028712   0x00000002   PAD
    0x00028714   0x00028714   0x0000009c   Code   RO         5274    i.gcm_pdb_evt_handler  gatt_cache_manager.o
    0x000287b0   0x000287b0   0x0000001c   Code   RO         5439    i.gscm_db_change_notification_done  gatts_cache_manager.o
    0x000287cc   0x000287cc   0x000000b8   Code   RO         5442    i.gscm_local_db_cache_apply  gatts_cache_manager.o
    0x00028884   0x00028884   0x000000c8   Code   RO         5443    i.gscm_local_db_cache_update  gatts_cache_manager.o
    0x0002894c   0x0002894c   0x0000001c   Code   RO         5444    i.gscm_pdb_evt_handler  gatts_cache_manager.o
    0x00028968   0x00028968   0x00000028   Code   RO         5445    i.gscm_service_changed_ind_needed  gatts_cache_manager.o
    0x00028990   0x00028990   0x00000074   Code   RO         5446    i.gscm_service_changed_ind_send  gatts_cache_manager.o
    0x00028a04   0x00028a04   0x0000002a   Code   RO         2002    i.header_check      fds.o
    0x00028a2e   0x00028a2e   0x00000016   Code   RO         2003    i.header_has_next   fds.o
    0x00028a44   0x00028a44   0x0000000e   Code   RO         2004    i.header_jump       fds.o
    0x00028a52   0x00028a52   0x0000004c   Code   RO         5531    i.im_address_resolve  id_manager.o
    0x00028a9e   0x00028a9e   0x00000002   PAD
    0x00028aa0   0x00028aa0   0x00000038   Code   RO         5532    i.im_ble_addr_get   id_manager.o
    0x00028ad8   0x00028ad8   0x000000ec   Code   RO         5533    i.im_ble_evt_handler  id_manager.o
    0x00028bc4   0x00028bc4   0x00000040   Code   RO         5534    i.im_conn_handle_get  id_manager.o
    0x00028c04   0x00028c04   0x00000038   Code   RO         5536    i.im_find_duplicate_bonding_data  id_manager.o
    0x00028c3c   0x00028c3c   0x00000090   Code   RO         5539    i.im_is_duplicate_bonding_data  id_manager.o
    0x00028ccc   0x00028ccc   0x00000022   Code   RO         5540    i.im_master_id_is_valid  id_manager.o
    0x00028cee   0x00028cee   0x00000032   Code   RO         5541    i.im_master_ids_compare  id_manager.o
    0x00028d20   0x00028d20   0x00000014   Code   RO         5542    i.im_new_peer_id    id_manager.o
    0x00028d34   0x00028d34   0x00000030   Code   RO         5543    i.im_peer_free      id_manager.o
    0x00028d64   0x00028d64   0x00000028   Code   RO         5544    i.im_peer_id_get_by_conn_handle  id_manager.o
    0x00028d8c   0x00028d8c   0x00000040   Code   RO         5545    i.im_peer_id_get_by_master_id  id_manager.o
    0x00028dcc   0x00028dcc   0x0000003c   Code   RO         2902    i.init              nrf_fstorage_sd.o
    0x00028e08   0x00028e08   0x0000012c   Code   RO         2005    i.init_execute      fds.o
    0x00028f34   0x00028f34   0x0000002c   Code   RO         4587    i.instance_get      ble_conn_params.o
    0x00028f60   0x00028f60   0x000000be   Code   RO         2771    i.int_print         nrf_fprintf_format.o
    0x0002901e   0x0002901e   0x00000046   Code   RO         3601    i.invalid_packets_omit  nrf_log_frontend.o
    0x00029064   0x00029064   0x00000014   Code   RO         2903    i.is_busy           nrf_fstorage_sd.o
    0x00029078   0x00029078   0x00000072   Code   RO         4588    i.is_conn_params_ok  ble_conn_params.o
    0x000290ea   0x000290ea   0x00000018   Code   RO         5550    i.is_valid_irk      id_manager.o
    0x00029102   0x00029102   0x00000010   Code   RO         2006    i.is_word_aligned   fds.o
    0x00029112   0x00029112   0x0000000c   Code   RO          353    i.item_dequeue      nrf_drv_clock.o
    0x0002911e   0x0002911e   0x00000002   PAD
    0x00029120   0x00029120   0x00000054   Code   RO          137    i.led_timer_handler  main.o
    0x00029174   0x00029174   0x00000070   Code   RO          138    i.leds_init         main.o
    0x000291e4   0x000291e4   0x00000014   Code   RO          355    i.lfclk_stop        nrf_drv_clock.o
    0x000291f8   0x000291f8   0x000000e8   Code   RO         6756    i.link_secure       security_manager.o
    0x000292e0   0x000292e0   0x00000018   Code   RO         6574    i.link_secure_authenticate  security_dispatcher.o
    0x000292f8   0x000292f8   0x0000003c   Code   RO         6575    i.link_secure_failure  security_dispatcher.o
    0x00029334   0x00029334   0x0000003c   Code   RO         6757    i.link_secure_pending_handle  security_manager.o
    0x00029370   0x00029370   0x00000018   Code   RO         6576    i.link_secure_peripheral  security_dispatcher.o
    0x00029388   0x00029388   0x0000013c   Code   RO         1755    i.list_insertions_handler  app_timer.o
    0x000294c4   0x000294c4   0x000000c4   Code   RO         5276    i.local_db_apply_in_evt  gatt_cache_manager.o
    0x00029588   0x00029588   0x00000018   Code   RO         5277    i.local_db_update   gatt_cache_manager.o
    0x000295a0   0x000295a0   0x00000120   Code   RO         5278    i.local_db_update_in_evt  gatt_cache_manager.o
    0x000296c0   0x000296c0   0x00000058   Code   RO          139    i.log_init          main.o
    0x00029718   0x00029718   0x000000c8   Code   RO         3602    i.log_skip          nrf_log_frontend.o
    0x000297e0   0x000297e0   0x00000010   Code   RO          140    i.main              main.o
    0x000297f0   0x000297f0   0x000000ca   Code   RO         3033    i.memobj_op         nrf_memobj.o
    0x000298ba   0x000298ba   0x00000002   PAD
    0x000298bc   0x000298bc   0x00000038   Code   RO         3603    i.module_idx_get    nrf_log_frontend.o
    0x000298f4   0x000298f4   0x0000001a   Code   RO         6511    i.mutex_lock        pm_buffer.o
    0x0002990e   0x0002990e   0x00000014   Code   RO         6512    i.mutex_lock_status_get  pm_buffer.o
    0x00029922   0x00029922   0x00000014   Code   RO         6513    i.mutex_unlock      pm_buffer.o
    0x00029936   0x00029936   0x00000002   PAD
    0x00029938   0x00029938   0x00000020   Code   RO         6758    i.new_context_get   security_manager.o
    0x00029958   0x00029958   0x00000034   Code   RO         6022    i.next_id_get       peer_id.o
    0x0002998c   0x0002998c   0x00000016   Code   RO         2425    i.nrf_atfifo_clear  nrf_atfifo.o
    0x000299a2   0x000299a2   0x00000028   Code   RO         2427    i.nrf_atfifo_init   nrf_atfifo.o
    0x000299ca   0x000299ca   0x0000001c   Code   RO         2428    i.nrf_atfifo_item_alloc  nrf_atfifo.o
    0x000299e6   0x000299e6   0x0000001c   Code   RO         2429    i.nrf_atfifo_item_free  nrf_atfifo.o
    0x00029a02   0x00029a02   0x0000001c   Code   RO         2430    i.nrf_atfifo_item_get  nrf_atfifo.o
    0x00029a1e   0x00029a1e   0x0000001c   Code   RO         2431    i.nrf_atfifo_item_put  nrf_atfifo.o
    0x00029a3a   0x00029a3a   0x0000001e   Code   RO         2492    i.nrf_atflags_clear  nrf_atflags.o
    0x00029a58   0x00029a58   0x0000002e   Code   RO         2494    i.nrf_atflags_fetch_set  nrf_atflags.o
    0x00029a86   0x00029a86   0x00000060   Code   RO         2496    i.nrf_atflags_find_and_set_flag  nrf_atflags.o
    0x00029ae6   0x00029ae6   0x0000001e   Code   RO         2497    i.nrf_atflags_get   nrf_atflags.o
    0x00029b04   0x00029b04   0x0000001e   Code   RO         2499    i.nrf_atflags_set   nrf_atflags.o
    0x00029b22   0x00029b22   0x0000000e   Code   RO         2559    i.nrf_atomic_flag_clear_fetch  nrf_atomic.o
    0x00029b30   0x00029b30   0x0000000e   Code   RO         2560    i.nrf_atomic_flag_set  nrf_atomic.o
    0x00029b3e   0x00029b3e   0x0000000e   Code   RO         2561    i.nrf_atomic_flag_set_fetch  nrf_atomic.o
    0x00029b4c   0x00029b4c   0x00000016   Code   RO         2562    i.nrf_atomic_u32_add  nrf_atomic.o
    0x00029b62   0x00029b62   0x00000016   Code   RO         2563    i.nrf_atomic_u32_and  nrf_atomic.o
    0x00029b78   0x00029b78   0x00000016   Code   RO         2565    i.nrf_atomic_u32_fetch_add  nrf_atomic.o
    0x00029b8e   0x00029b8e   0x00000016   Code   RO         2566    i.nrf_atomic_u32_fetch_and  nrf_atomic.o
    0x00029ba4   0x00029ba4   0x00000016   Code   RO         2567    i.nrf_atomic_u32_fetch_or  nrf_atomic.o
    0x00029bba   0x00029bba   0x00000016   Code   RO         2568    i.nrf_atomic_u32_fetch_store  nrf_atomic.o
    0x00029bd0   0x00029bd0   0x00000016   Code   RO         2572    i.nrf_atomic_u32_or  nrf_atomic.o
    0x00029be6   0x00029be6   0x00000016   Code   RO         2574    i.nrf_atomic_u32_sub  nrf_atomic.o
    0x00029bfc   0x00029bfc   0x00000052   Code   RO         2692    i.nrf_balloc_alloc  nrf_balloc.o
    0x00029c4e   0x00029c4e   0x00000010   Code   RO         2693    i.nrf_balloc_block2idx  nrf_balloc.o
    0x00029c5e   0x00029c5e   0x00000030   Code   RO         2694    i.nrf_balloc_free   nrf_balloc.o
    0x00029c8e   0x00029c8e   0x0000000c   Code   RO         2695    i.nrf_balloc_idx2block  nrf_balloc.o
    0x00029c9a   0x00029c9a   0x0000003c   Code   RO         2696    i.nrf_balloc_init   nrf_balloc.o
    0x00029cd6   0x00029cd6   0x00000016   Code   RO          759    i.nrf_bitmask_bit_is_set  nrfx_gpiote.o
    0x00029cec   0x00029cec   0x00000016   Code   RO          760    i.nrf_bitmask_bit_set  nrfx_gpiote.o
    0x00029d02   0x00029d02   0x00000012   Code   RO          599    i.nrf_clock_event_check  nrfx_clock.o
    0x00029d14   0x00029d14   0x00000012   Code   RO          600    i.nrf_clock_event_clear  nrfx_clock.o
    0x00029d26   0x00029d26   0x00000002   PAD
    0x00029d28   0x00029d28   0x0000000c   Code   RO          601    i.nrf_clock_int_disable  nrfx_clock.o
    0x00029d34   0x00029d34   0x00000008   Code   RO          603    i.nrf_clock_task_trigger  nrfx_clock.o
    0x00029d3c   0x00029d3c   0x00000040   Code   RO          361    i.nrf_drv_clock_init  nrf_drv_clock.o
    0x00029d7c   0x00029d7c   0x00000030   Code   RO          365    i.nrf_drv_clock_lfclk_release  nrf_drv_clock.o
    0x00029dac   0x00029dac   0x0000002a   Code   RO         2735    i.nrf_fprintf       nrf_fprintf.o
    0x00029dd6   0x00029dd6   0x0000001c   Code   RO         2736    i.nrf_fprintf_buffer_flush  nrf_fprintf.o
    0x00029df2   0x00029df2   0x000001f0   Code   RO         2772    i.nrf_fprintf_fmt   nrf_fprintf_format.o
    0x00029fe2   0x00029fe2   0x00000002   PAD
    0x00029fe4   0x00029fe4   0x00000170   Code   RO         2814    i.nrf_fstorage_erase  nrf_fstorage.o
    0x0002a154   0x0002a154   0x0000001c   Code   RO         2904    i.nrf_fstorage_sdh_req_handler  nrf_fstorage_sd.o
    0x0002a170   0x0002a170   0x0000002c   Code   RO         2905    i.nrf_fstorage_sdh_state_handler  nrf_fstorage_sd.o
    0x0002a19c   0x0002a19c   0x0000008c   Code   RO         2906    i.nrf_fstorage_sys_evt_handler  nrf_fstorage_sd.o
    0x0002a228   0x0002a228   0x00000264   Code   RO         2821    i.nrf_fstorage_write  nrf_fstorage.o
    0x0002a48c   0x0002a48c   0x00000030   Code   RO          141    i.nrf_gpio_cfg_output  main.o
    0x0002a4bc   0x0002a4bc   0x00000032   Code   RO          763    i.nrf_gpio_cfg_sense_set  nrfx_gpiote.o
    0x0002a4ee   0x0002a4ee   0x00000002   PAD
    0x0002a4f0   0x0002a4f0   0x00000028   Code   RO          767    i.nrf_gpio_ports_read  nrfx_gpiote.o
    0x0002a518   0x0002a518   0x0000000c   Code   RO          768    i.nrf_gpiote_event_addr_get  nrfx_gpiote.o
    0x0002a524   0x0002a524   0x0000001c   Code   RO          769    i.nrf_gpiote_event_clear  nrfx_gpiote.o
    0x0002a540   0x0002a540   0x00000016   Code   RO          770    i.nrf_gpiote_event_is_set  nrfx_gpiote.o
    0x0002a556   0x0002a556   0x00000002   PAD
    0x0002a558   0x0002a558   0x00000054   Code   RO         3604    i.nrf_log_backend_add  nrf_log_frontend.o
    0x0002a5ac   0x0002a5ac   0x00000002   Code   RO         3476    i.nrf_log_backend_rtt_flush  nrf_log_backend_rtt.o
    0x0002a5ae   0x0002a5ae   0x00000008   Code   RO         3477    i.nrf_log_backend_rtt_init  nrf_log_backend_rtt.o
    0x0002a5b6   0x0002a5b6   0x00000002   Code   RO         3478    i.nrf_log_backend_rtt_panic_set  nrf_log_backend_rtt.o
    0x0002a5b8   0x0002a5b8   0x00000020   Code   RO         3479    i.nrf_log_backend_rtt_put  nrf_log_backend_rtt.o
    0x0002a5d8   0x0002a5d8   0x000000f2   Code   RO         3842    i.nrf_log_backend_serial_put  nrf_log_backend_serial.o
    0x0002a6ca   0x0002a6ca   0x00000002   PAD
    0x0002a6cc   0x0002a6cc   0x00000038   Code   RO         3606    i.nrf_log_color_id_get  nrf_log_frontend.o
    0x0002a704   0x0002a704   0x00000028   Code   RO         3796    i.nrf_log_default_backends_init  nrf_log_default_backends.o
    0x0002a72c   0x0002a72c   0x0000030c   Code   RO         3607    i.nrf_log_frontend_dequeue  nrf_log_frontend.o
    0x0002aa38   0x0002aa38   0x00000014   Code   RO         3609    i.nrf_log_frontend_std_0  nrf_log_frontend.o
    0x0002aa4c   0x0002aa4c   0x00000018   Code   RO         3610    i.nrf_log_frontend_std_1  nrf_log_frontend.o
    0x0002aa64   0x0002aa64   0x00000020   Code   RO         3611    i.nrf_log_frontend_std_2  nrf_log_frontend.o
    0x0002aa84   0x0002aa84   0x00000028   Code   RO         3612    i.nrf_log_frontend_std_3  nrf_log_frontend.o
    0x0002aaac   0x0002aaac   0x000000b8   Code   RO         3543    i.nrf_log_hexdump_entry_process  nrf_log_str_formatter.o
    0x0002ab64   0x0002ab64   0x0000005c   Code   RO         3616    i.nrf_log_init      nrf_log_frontend.o
    0x0002abc0   0x0002abc0   0x00000014   Code   RO         3617    i.nrf_log_module_cnt_get  nrf_log_frontend.o
    0x0002abd4   0x0002abd4   0x00000024   Code   RO         3621    i.nrf_log_module_name_get  nrf_log_frontend.o
    0x0002abf8   0x0002abf8   0x00000038   Code   RO         3622    i.nrf_log_panic     nrf_log_frontend.o
    0x0002ac30   0x0002ac30   0x000000c8   Code   RO         3544    i.nrf_log_std_entry_process  nrf_log_str_formatter.o
    0x0002acf8   0x0002acf8   0x0000007a   Code   RO         3034    i.nrf_memobj_alloc  nrf_memobj.o
    0x0002ad72   0x0002ad72   0x00000040   Code   RO         3035    i.nrf_memobj_free   nrf_memobj.o
    0x0002adb2   0x0002adb2   0x00000010   Code   RO         3036    i.nrf_memobj_get    nrf_memobj.o
    0x0002adc2   0x0002adc2   0x0000000c   Code   RO         3037    i.nrf_memobj_pool_init  nrf_memobj.o
    0x0002adce   0x0002adce   0x0000001e   Code   RO         3038    i.nrf_memobj_put    nrf_memobj.o
    0x0002adec   0x0002adec   0x00000022   Code   RO         3039    i.nrf_memobj_read   nrf_memobj.o
    0x0002ae0e   0x0002ae0e   0x00000022   Code   RO         3040    i.nrf_memobj_write  nrf_memobj.o
    0x0002ae30   0x0002ae30   0x0000000a   Code   RO         5279    i.nrf_mtx_unlock    gatt_cache_manager.o
    0x0002ae3a   0x0002ae3a   0x0000001c   Code   RO         3191    i.nrf_ringbuf_init  nrf_ringbuf.o
    0x0002ae56   0x0002ae56   0x00000002   PAD
    0x0002ae58   0x0002ae58   0x00000070   Code   RO         4249    i.nrf_sdh_ble_evts_poll  nrf_sdh_ble.o
    0x0002aec8   0x0002aec8   0x00000064   Code   RO         4336    i.nrf_sdh_disable_request  nrf_sdh.o
    0x0002af2c   0x0002af2c   0x00000084   Code   RO         4337    i.nrf_sdh_enable_request  nrf_sdh.o
    0x0002afb0   0x0002afb0   0x00000030   Code   RO         4338    i.nrf_sdh_evts_poll  nrf_sdh.o
    0x0002afe0   0x0002afe0   0x0000000c   Code   RO         4339    i.nrf_sdh_is_enabled  nrf_sdh.o
    0x0002afec   0x0002afec   0x00000028   Code   RO         4341    i.nrf_sdh_request_continue  nrf_sdh.o
    0x0002b014   0x0002b014   0x00000054   Code   RO         4216    i.nrf_sdh_soc_evts_poll  nrf_sdh_soc.o
    0x0002b068   0x0002b068   0x00000006   Code   RO         4344    i.nrf_section_iter_get  nrf_sdh.o
    0x0002b06e   0x0002b06e   0x00000014   Code   RO         3245    i.nrf_section_iter_init  nrf_section_iter.o
    0x0002b082   0x0002b082   0x0000002e   Code   RO         3246    i.nrf_section_iter_item_set  nrf_section_iter.o
    0x0002b0b0   0x0002b0b0   0x0000002e   Code   RO         3247    i.nrf_section_iter_next  nrf_section_iter.o
    0x0002b0de   0x0002b0de   0x00000002   PAD
    0x0002b0e0   0x0002b0e0   0x00000040   Code   RO         3447    i.nrf_strerror_find  nrf_strerror.o
    0x0002b120   0x0002b120   0x0000001c   Code   RO         3448    i.nrf_strerror_get  nrf_strerror.o
    0x0002b13c   0x0002b13c   0x00000014   Code   RO          609    i.nrfx_clock_enable  nrfx_clock.o
    0x0002b150   0x0002b150   0x00000024   Code   RO          612    i.nrfx_clock_init   nrfx_clock.o
    0x0002b174   0x0002b174   0x00000020   Code   RO          615    i.nrfx_clock_lfclk_stop  nrfx_clock.o
    0x0002b194   0x0002b194   0x00000018   Code   RO         1756    i.nrfx_coredep_delay_us  app_timer.o
    0x0002b1ac   0x0002b1ac   0x00000098   Code   RO          617    i.nrfx_power_clock_irq_init  nrfx_clock.o
    0x0002b244   0x0002b244   0x00000030   Code   RO         4589    i.on_conn_params_update  ble_conn_params.o
    0x0002b274   0x0002b274   0x00000070   Code   RO         4590    i.on_connect        ble_conn_params.o
    0x0002b2e4   0x0002b2e4   0x00000032   Code   RO         4591    i.on_disconnect     ble_conn_params.o
    0x0002b316   0x0002b316   0x00000002   PAD
    0x0002b318   0x0002b318   0x00000024   Code   RO         2907    i.on_operation_failure  nrf_fstorage_sd.o
    0x0002b33c   0x0002b33c   0x00000060   Code   RO         2908    i.on_operation_success  nrf_fstorage_sd.o
    0x0002b39c   0x0002b39c   0x00000058   Code   RO         4592    i.on_write          ble_conn_params.o
    0x0002b3f4   0x0002b3f4   0x00000044   Code   RO         2007    i.page_from_record  fds.o
    0x0002b438   0x0002b438   0x00000034   Code   RO         2008    i.page_has_space    fds.o
    0x0002b46c   0x0002b46c   0x0000001c   Code   RO         2011    i.page_offsets_update  fds.o
    0x0002b488   0x0002b488   0x00000020   Code   RO         2013    i.page_tag_write_data  fds.o
    0x0002b4a8   0x0002b4a8   0x00000024   Code   RO         2014    i.page_tag_write_swap  fds.o
    0x0002b4cc   0x0002b4cc   0x00000014   Code   RO         6577    i.pairing           security_dispatcher.o
    0x0002b4e0   0x0002b4e0   0x00000080   Code   RO         6578    i.pairing_failure   security_dispatcher.o
    0x0002b560   0x0002b560   0x00000034   Code   RO         6579    i.pairing_success_evt_send  security_dispatcher.o
    0x0002b594   0x0002b594   0x00000010   Code   RO         6759    i.params_reply_pending_handle  security_manager.o
    0x0002b5a4   0x0002b5a4   0x0000002c   Code   RO         6760    i.params_req_send   security_manager.o
    0x0002b5d0   0x0002b5d0   0x00000020   Code   RO         5871    i.pdb_evt_send      peer_database.o
    0x0002b5f0   0x0002b5f0   0x0000006c   Code   RO         5873    i.pdb_pds_evt_handler  peer_database.o
    0x0002b65c   0x0002b65c   0x00000016   Code   RO         5874    i.pdb_peer_data_ptr_get  peer_database.o
    0x0002b672   0x0002b672   0x00000002   PAD
    0x0002b674   0x0002b674   0x000000ac   Code   RO         5875    i.pdb_peer_free     peer_database.o
    0x0002b720   0x0002b720   0x000000f0   Code   RO         5876    i.pdb_write_buf_get  peer_database.o
    0x0002b810   0x0002b810   0x00000020   Code   RO         5877    i.pdb_write_buf_release  peer_database.o
    0x0002b830   0x0002b830   0x00000044   Code   RO         5878    i.pdb_write_buf_store  peer_database.o
    0x0002b874   0x0002b874   0x00000024   Code   RO         5699    i.pds_evt_send      peer_data_storage.o
    0x0002b898   0x0002b898   0x0000000c   Code   RO         5701    i.pds_next_deleted_peer_id_get  peer_data_storage.o
    0x0002b8a4   0x0002b8a4   0x0000000c   Code   RO         5702    i.pds_next_peer_id_get  peer_data_storage.o
    0x0002b8b0   0x0002b8b0   0x0000006c   Code   RO         5705    i.pds_peer_data_iterate  peer_data_storage.o
    0x0002b91c   0x0002b91c   0x00000010   Code   RO         5706    i.pds_peer_data_iterate_prepare  peer_data_storage.o
    0x0002b92c   0x0002b92c   0x0000009a   Code   RO         5707    i.pds_peer_data_read  peer_data_storage.o
    0x0002b9c6   0x0002b9c6   0x00000002   PAD
    0x0002b9c8   0x0002b9c8   0x000000bc   Code   RO         5708    i.pds_peer_data_store  peer_data_storage.o
    0x0002ba84   0x0002ba84   0x0000000c   Code   RO         5709    i.pds_peer_id_allocate  peer_data_storage.o
    0x0002ba90   0x0002ba90   0x0000001e   Code   RO         5710    i.pds_peer_id_free  peer_data_storage.o
    0x0002baae   0x0002baae   0x0000000c   Code   RO         5711    i.pds_peer_id_is_allocated  peer_data_storage.o
    0x0002baba   0x0002baba   0x0000001c   Code   RO         5879    i.peer_data_const_point_to_buffer  peer_database.o
    0x0002bad6   0x0002bad6   0x00000002   PAD
    0x0002bad8   0x0002bad8   0x000000a0   Code   RO         5713    i.peer_data_delete_process  peer_data_storage.o
    0x0002bb78   0x0002bb78   0x00000040   Code   RO         5714    i.peer_data_find    peer_data_storage.o
    0x0002bbb8   0x0002bbb8   0x00000026   Code   RO         5715    i.peer_data_id_is_valid  peer_data_storage.o
    0x0002bbde   0x0002bbde   0x0000000a   Code   RO         5716    i.peer_data_id_to_record_key  peer_data_storage.o
    0x0002bbe8   0x0002bbe8   0x0000001a   Code   RO         5880    i.peer_data_point_to_buffer  peer_database.o
    0x0002bc02   0x0002bc02   0x00000002   PAD
    0x0002bc04   0x0002bc04   0x00000014   Code   RO         6023    i.peer_id_allocate  peer_id.o
    0x0002bc18   0x0002bc18   0x0000002c   Code   RO         6024    i.peer_id_delete    peer_id.o
    0x0002bc44   0x0002bc44   0x0000001c   Code   RO         6025    i.peer_id_free      peer_id.o
    0x0002bc60   0x0002bc60   0x00000014   Code   RO         6026    i.peer_id_get_next_deleted  peer_id.o
    0x0002bc74   0x0002bc74   0x00000038   Code   RO         6027    i.peer_id_get_next_used  peer_id.o
    0x0002bcac   0x0002bcac   0x0000001c   Code   RO         6029    i.peer_id_is_allocated  peer_id.o
    0x0002bcc8   0x0002bcc8   0x0000001c   Code   RO         6030    i.peer_id_is_deleted  peer_id.o
    0x0002bce4   0x0002bce4   0x0000000a   Code   RO         5717    i.peer_id_to_file_id  peer_data_storage.o
    0x0002bcee   0x0002bcee   0x00000062   Code   RO         6514    i.pm_buffer_block_acquire  pm_buffer.o
    0x0002bd50   0x0002bd50   0x00000030   Code   RO         6516    i.pm_buffer_ptr_get  pm_buffer.o
    0x0002bd80   0x0002bd80   0x00000028   Code   RO         6517    i.pm_buffer_release  pm_buffer.o
    0x0002bda8   0x0002bda8   0x0000000c   Code   RO         6122    i.pm_gcm_evt_handler  peer_manager.o
    0x0002bdb4   0x0002bdb4   0x0000000c   Code   RO         6125    i.pm_im_evt_handler  peer_manager.o
    0x0002bdc0   0x0002bdc0   0x00000184   Code   RO         6130    i.pm_pdb_evt_handler  peer_manager.o
    0x0002bf44   0x0002bf44   0x00000114   Code   RO         6146    i.pm_peer_ranks_get  peer_manager.o
    0x0002c058   0x0002c058   0x00000016   Code   RO         6152    i.pm_sm_evt_handler  peer_manager.o
    0x0002c06e   0x0002c06e   0x00000002   PAD
    0x0002c070   0x0002c070   0x00000048   Code   RO         3546    i.postfix_process   nrf_log_str_formatter.o
    0x0002c0b8   0x0002c0b8   0x000000a4   Code   RO         3547    i.prefix_process    nrf_log_str_formatter.o
    0x0002c15c   0x0002c15c   0x00000020   Code   RO         2016    i.queue_buf_get     fds.o
    0x0002c17c   0x0002c17c   0x00000014   Code   RO         2017    i.queue_buf_store   fds.o
    0x0002c190   0x0002c190   0x00000014   Code   RO         2018    i.queue_free        fds.o
    0x0002c1a4   0x0002c1a4   0x00000018   Code   RO         2909    i.queue_free        nrf_fstorage_sd.o
    0x0002c1bc   0x0002c1bc   0x00000018   Code   RO         2019    i.queue_has_next    fds.o
    0x0002c1d4   0x0002c1d4   0x00000014   Code   RO         2021    i.queue_load        fds.o
    0x0002c1e8   0x0002c1e8   0x0000002c   Code   RO         2910    i.queue_load_next   nrf_fstorage_sd.o
    0x0002c214   0x0002c214   0x000000c0   Code   RO         2022    i.queue_process     fds.o
    0x0002c2d4   0x0002c2d4   0x00000090   Code   RO         2911    i.queue_process     nrf_fstorage_sd.o
    0x0002c364   0x0002c364   0x00000018   Code   RO         2023    i.queue_start       fds.o
    0x0002c37c   0x0002c37c   0x0000001c   Code   RO         2912    i.queue_start       nrf_fstorage_sd.o
    0x0002c398   0x0002c398   0x00000030   Code   RO         6156    i.rank_vars_update  peer_manager.o
    0x0002c3c8   0x0002c3c8   0x0000001c   Code   RO         2913    i.read              nrf_fstorage_sd.o
    0x0002c3e4   0x0002c3e4   0x00000078   Code   RO         5881    i.reattempt_previous_operations  peer_database.o
    0x0002c45c   0x0002c45c   0x00000028   Code   RO         4702    i.record_activate   ble_conn_state.o
    0x0002c484   0x0002c484   0x0000008c   Code   RO         2024    i.record_find       fds.o
    0x0002c510   0x0002c510   0x0000003a   Code   RO         2025    i.record_find_and_delete  fds.o
    0x0002c54a   0x0002c54a   0x00000002   PAD
    0x0002c54c   0x0002c54c   0x0000007c   Code   RO         2026    i.record_find_by_desc  fds.o
    0x0002c5c8   0x0002c5c8   0x00000078   Code   RO         2027    i.record_find_next  fds.o
    0x0002c640   0x0002c640   0x0000003c   Code   RO         2028    i.record_header_flag_dirty  fds.o
    0x0002c67c   0x0002c67c   0x0000002c   Code   RO         2029    i.record_header_write_begin  fds.o
    0x0002c6a8   0x0002c6a8   0x00000038   Code   RO         2030    i.record_header_write_finalize  fds.o
    0x0002c6e0   0x0002c6e0   0x00000038   Code   RO         2031    i.record_header_write_id  fds.o
    0x0002c718   0x0002c718   0x00000010   Code   RO         2032    i.record_id_new     fds.o
    0x0002c728   0x0002c728   0x00000020   Code   RO         4703    i.record_invalidate  ble_conn_state.o
    0x0002c748   0x0002c748   0x00000048   Code   RO         4704    i.record_purge_disconnected  ble_conn_state.o
    0x0002c790   0x0002c790   0x00000014   Code   RO         4705    i.record_set_disconnected  ble_conn_state.o
    0x0002c7a4   0x0002c7a4   0x00000030   Code   RO         2033    i.record_write_data  fds.o
    0x0002c7d4   0x0002c7d4   0x00000014   Code   RO         6032    i.release           peer_id.o
    0x0002c7e8   0x0002c7e8   0x00000006   Code   RO         2914    i.rmap              nrf_fstorage_sd.o
    0x0002c7ee   0x0002c7ee   0x00000002   PAD
    0x0002c7f0   0x0002c7f0   0x0000000c   Code   RO         1757    i.rtc1_compare0_set  app_timer.o
    0x0002c7fc   0x0002c7fc   0x0000000c   Code   RO         1758    i.rtc1_counter_get  app_timer.o
    0x0002c808   0x0002c808   0x00000018   Code   RO         1759    i.rtc1_init         app_timer.o
    0x0002c820   0x0002c820   0x0000003c   Code   RO         1760    i.rtc1_start        app_timer.o
    0x0002c85c   0x0002c85c   0x00000058   Code   RO         1761    i.rtc1_stop         app_timer.o
    0x0002c8b4   0x0002c8b4   0x00000020   Code   RO         5280    i.sc_send_pending_handle  gatt_cache_manager.o
    0x0002c8d4   0x0002c8d4   0x00000098   Code   RO         4345    i.sd_nvic_EnableIRQ  nrf_sdh.o
    0x0002c96c   0x0002c96c   0x00000068   Code   RO         3357    i.sd_nvic_critical_region_enter  app_util_platform.o
    0x0002c9d4   0x0002c9d4   0x00000068   Code   RO          368    i.sd_state_evt_handler  nrf_drv_clock.o
    0x0002ca3c   0x0002ca3c   0x0000003c   Code   RO         4346    i.sdh_request_observer_notify  nrf_sdh.o
    0x0002ca78   0x0002ca78   0x00000034   Code   RO         4347    i.sdh_state_observer_notify  nrf_sdh.o
    0x0002caac   0x0002caac   0x000000cc   Code   RO         6580    i.sec_info_request_process  security_dispatcher.o
    0x0002cb78   0x0002cb78   0x00000110   Code   RO         6581    i.sec_keyset_fill   security_dispatcher.o
    0x0002cc88   0x0002cc88   0x00000030   Code   RO         6582    i.sec_params_request_process  security_dispatcher.o
    0x0002ccb8   0x0002ccb8   0x00000058   Code   RO         6583    i.sec_proc_start    security_dispatcher.o
    0x0002cd10   0x0002cd10   0x0000005c   Code   RO         6762    i.sec_req_process   security_manager.o
    0x0002cd6c   0x0002cd6c   0x00000028   Code   RO         6584    i.sec_start_send    security_dispatcher.o
    0x0002cd94   0x0002cd94   0x00000022   Code   RO         6585    i.send_config_req   security_dispatcher.o
    0x0002cdb6   0x0002cdb6   0x00000002   PAD
    0x0002cdb8   0x0002cdb8   0x00000018   Code   RO         4593    i.send_error_evt    ble_conn_params.o
    0x0002cdd0   0x0002cdd0   0x00000028   Code   RO         6586    i.send_params_req   security_dispatcher.o
    0x0002cdf8   0x0002cdf8   0x00000024   Code   RO         6587    i.send_storage_full_evt  security_dispatcher.o
    0x0002ce1c   0x0002ce1c   0x00000028   Code   RO         5281    i.send_unexpected_error  gatt_cache_manager.o
    0x0002ce44   0x0002ce44   0x0000002c   Code   RO         5721    i.send_unexpected_error  peer_data_storage.o
    0x0002ce70   0x0002ce70   0x00000028   Code   RO         6588    i.send_unexpected_error  security_dispatcher.o
    0x0002ce98   0x0002ce98   0x00000084   Code   RO         3480    i.serial_tx         nrf_log_backend_rtt.o
    0x0002cf1c   0x0002cf1c   0x00000020   Code   RO         5282    i.service_changed_needed  gatt_cache_manager.o
    0x0002cf3c   0x0002cf3c   0x00000018   Code   RO         5283    i.service_changed_pending_flags_check  gatt_cache_manager.o
    0x0002cf54   0x0002cf54   0x00000050   Code   RO         5448    i.service_changed_pending_set  gatts_cache_manager.o
    0x0002cfa4   0x0002cfa4   0x0000010c   Code   RO         5284    i.service_changed_send_in_evt  gatt_cache_manager.o
    0x0002d0b0   0x0002d0b0   0x00000034   Code   RO         6763    i.sm_ble_evt_handler  security_manager.o
    0x0002d0e4   0x0002d0e4   0x00000058   Code   RO         6768    i.sm_pdb_evt_handler  security_manager.o
    0x0002d13c   0x0002d13c   0x00000032   Code   RO         6771    i.sm_smd_evt_handler  security_manager.o
    0x0002d16e   0x0002d16e   0x0000004c   Code   RO         6589    i.smd_ble_evt_handler  security_dispatcher.o
    0x0002d1ba   0x0002d1ba   0x00000028   Code   RO         6592    i.smd_link_secure   security_dispatcher.o
    0x0002d1e2   0x0002d1e2   0x00000002   PAD
    0x0002d1e4   0x0002d1e4   0x000000c0   Code   RO         6593    i.smd_params_reply  security_dispatcher.o
    0x0002d2a4   0x0002d2a4   0x00000040   Code   RO         6772    i.smd_params_reply_perform  security_manager.o
    0x0002d2e4   0x0002d2e4   0x0000001c   Code   RO          369    i.soc_evt_handler   nrf_drv_clock.o
    0x0002d300   0x0002d300   0x0000006c   Code   RO         4348    i.softdevice_evt_irq_disable  nrf_sdh.o
    0x0002d36c   0x0002d36c   0x0000001e   Code   RO         4349    i.softdevices_evt_irq_enable  nrf_sdh.o
    0x0002d38a   0x0002d38a   0x00000002   PAD
    0x0002d38c   0x0002d38c   0x00000064   Code   RO         3624    i.std_header_set    nrf_log_frontend.o
    0x0002d3f0   0x0002d3f0   0x00000070   Code   RO         3625    i.std_n             nrf_log_frontend.o
    0x0002d460   0x0002d460   0x00000068   Code   RO         5285    i.store_car_value   gatt_cache_manager.o
    0x0002d4c8   0x0002d4c8   0x00000074   Code   RO         2773    i.string_print      nrf_fprintf_format.o
    0x0002d53c   0x0002d53c   0x0000000a   Code   RO         1762    i.ticks_diff_get    app_timer.o
    0x0002d546   0x0002d546   0x0000000c   Code   RO         1763    i.timeout_handler_exec  app_timer.o
    0x0002d552   0x0002d552   0x00000002   PAD
    0x0002d554   0x0002d554   0x000000f4   Code   RO          142    i.timer_init        main.o
    0x0002d648   0x0002d648   0x00000050   Code   RO         1764    i.timer_list_handler  app_timer.o
    0x0002d698   0x0002d698   0x0000000a   Code   RO         1765    i.timer_list_handler_sched  app_timer.o
    0x0002d6a2   0x0002d6a2   0x00000002   PAD
    0x0002d6a4   0x0002d6a4   0x00000068   Code   RO         1766    i.timer_list_insert  app_timer.o
    0x0002d70c   0x0002d70c   0x00000088   Code   RO         1767    i.timer_list_remove  app_timer.o
    0x0002d794   0x0002d794   0x0000005e   Code   RO         1768    i.timer_start_op_schedule  app_timer.o
    0x0002d7f2   0x0002d7f2   0x00000042   Code   RO         1769    i.timer_stop_op_schedule  app_timer.o
    0x0002d834   0x0002d834   0x00000098   Code   RO         1770    i.timer_timeouts_check  app_timer.o
    0x0002d8cc   0x0002d8cc   0x0000000a   Code   RO         1771    i.timer_timeouts_check_sched  app_timer.o
    0x0002d8d6   0x0002d8d6   0x00000002   Code   RO         3548    i.timestamp_print   nrf_log_str_formatter.o
    0x0002d8d8   0x0002d8d8   0x0000000c   Code   RO         4864    i.uint16_decode     ble_srv_common.o
    0x0002d8e4   0x0002d8e4   0x00000024   Code   RO         2915    i.uninit            nrf_fstorage_sd.o
    0x0002d908   0x0002d908   0x000000b8   Code   RO         2774    i.unsigned_print    nrf_fprintf_format.o
    0x0002d9c0   0x0002d9c0   0x00000034   Code   RO         5286    i.update_pending_flags_check  gatt_cache_manager.o
    0x0002d9f4   0x0002d9f4   0x00000014   Code   RO         4706    i.user_flag_is_acquired  ble_conn_state.o
    0x0002da08   0x0002da08   0x0000003c   Code   RO         1772    i.user_op_alloc     app_timer.o
    0x0002da44   0x0002da44   0x0000000c   Code   RO         1773    i.user_op_enque     app_timer.o
    0x0002da50   0x0002da50   0x00000006   Code   RO         2916    i.wmap              nrf_fstorage_sd.o
    0x0002da56   0x0002da56   0x00000002   PAD
    0x0002da58   0x0002da58   0x00000054   Code   RO         2917    i.write             nrf_fstorage_sd.o
    0x0002daac   0x0002daac   0x00000038   Code   RO         5882    i.write_buf_length_words_set  peer_database.o
    0x0002dae4   0x0002dae4   0x00000160   Code   RO         5883    i.write_buf_store   peer_database.o
    0x0002dc44   0x0002dc44   0x00000074   Code   RO         5884    i.write_buf_store_in_event  peer_database.o
    0x0002dcb8   0x0002dcb8   0x00000024   Code   RO         5885    i.write_buffer_record_acquire  peer_database.o
    0x0002dcdc   0x0002dcdc   0x0000004c   Code   RO         5886    i.write_buffer_record_find  peer_database.o
    0x0002dd28   0x0002dd28   0x00000034   Code   RO         5887    i.write_buffer_record_find_next  peer_database.o
    0x0002dd5c   0x0002dd5c   0x00000030   Code   RO         5888    i.write_buffer_record_find_stored  peer_database.o
    0x0002dd8c   0x0002dd8c   0x0000000e   Code   RO         5889    i.write_buffer_record_find_unused  peer_database.o
    0x0002dd9a   0x0002dd9a   0x00000024   Code   RO         5890    i.write_buffer_record_invalidate  peer_database.o
    0x0002ddbe   0x0002ddbe   0x00000002   PAD
    0x0002ddc0   0x0002ddc0   0x00000028   Code   RO         5891    i.write_buffer_record_release  peer_database.o
    0x0002dde8   0x0002dde8   0x000000e0   Code   RO         2035    i.write_enqueue     fds.o
    0x0002dec8   0x0002dec8   0x000000c4   Code   RO         2036    i.write_execute     fds.o
    0x0002df8c   0x0002df8c   0x00000058   Code   RO         2918    i.write_execute     nrf_fstorage_sd.o
    0x0002dfe4   0x0002dfe4   0x00000024   Code   RO         2037    i.write_space_free  fds.o
    0x0002e008   0x0002e008   0x00000078   Code   RO         2038    i.write_space_reserve  fds.o
    0x0002e080   0x0002e080   0x00000004   Data   RO          144    .constdata          main.o
    0x0002e084   0x0002e084   0x0000003e   Data   RO          805    .constdata          nrfx_gpiote.o
    0x0002e0c2   0x0002e0c2   0x0000000e   PAD
    0x0002e0d0   0x0002e0d0   0x00000006   Data   RO         1775    .constdata          app_timer.o
    0x0002e0d6   0x0002e0d6   0x00000002   PAD
    0x0002e0d8   0x0002e0d8   0x00000018   Data   RO         2040    .constdata          fds.o
    0x0002e0f0   0x0002e0f0   0x00000010   Data   RO         2775    .constdata          nrf_fprintf_format.o
    0x0002e100   0x0002e100   0x0000005e   Data   RO         2822    .constdata          nrf_fstorage.o
    0x0002e15e   0x0002e15e   0x00000002   PAD
    0x0002e160   0x0002e160   0x00000030   Data   RO         2920    .constdata          nrf_fstorage_sd.o
    0x0002e190   0x0002e190   0x0000013c   Data   RO         3449    .constdata          nrf_strerror.o
    0x0002e2cc   0x0002e2cc   0x00000004   PAD
    0x0002e2d0   0x0002e2d0   0x00000016   Data   RO         3482    .constdata          nrf_log_backend_rtt.o
    0x0002e2e6   0x0002e2e6   0x00000002   PAD
    0x0002e2e8   0x0002e2e8   0x0000000c   Data   RO         3627    .constdata          nrf_log_frontend.o
    0x0002e2f4   0x0002e2f4   0x0000001c   Data   RO         4217    .constdata          nrf_sdh_soc.o
    0x0002e310   0x0002e310   0x00000030   Data   RO         4251    .constdata          nrf_sdh_ble.o
    0x0002e340   0x0002e340   0x00000058   Data   RO         4350    .constdata          nrf_sdh.o
    0x0002e398   0x0002e398   0x00000074   Data   RO         5287    .constdata          gatt_cache_manager.o
    0x0002e40c   0x0002e40c   0x00000018   Data   RO         5449    .constdata          gatts_cache_manager.o
    0x0002e424   0x0002e424   0x00000008   Data   RO         5553    .constdata          id_manager.o
    0x0002e42c   0x0002e42c   0x0000001c   Data   RO         5722    .constdata          peer_data_storage.o
    0x0002e448   0x0002e448   0x00000010   Data   RO         5893    .constdata          peer_database.o
    0x0002e458   0x0002e458   0x0000008c   Data   RO         6595    .constdata          security_dispatcher.o
    0x0002e4e4   0x0002e4e4   0x00000004   Data   RO         6773    .constdata          security_manager.o
    0x0002e4e8   0x0002e4e8   0x00000081   Data   RO         6976    .constdata          mc_w.l(ctype_o.o)
    0x0002e569   0x0002e569   0x00000003   PAD
    0x0002e56c   0x0002e56c   0x00000004   Data   RO         6977    .constdata          mc_w.l(ctype_o.o)
    0x0002e570   0x0002e570   0x0000004f   Data   RO         2823    .conststring        nrf_fstorage.o
    0x0002e5bf   0x0002e5bf   0x00000001   PAD
    0x0002e5c0   0x0002e5c0   0x000003eb   Data   RO         3450    .conststring        nrf_strerror.o
    0x0002e9ab   0x0002e9ab   0x00000001   PAD
    0x0002e9ac   0x0002e9ac   0x00000066   Data   RO         3549    .conststring        nrf_log_str_formatter.o
    0x0002ea12   0x0002ea12   0x00000002   PAD
    0x0002ea14   0x0002ea14   0x00000134   Data   RO         5288    .conststring        gatt_cache_manager.o
    0x0002eb48   0x0002eb48   0x00000144   Data   RO         5450    .conststring        gatts_cache_manager.o
    0x0002ec8c   0x0002ec8c   0x000000a4   Data   RO         5723    .conststring        peer_data_storage.o
    0x0002ed30   0x0002ed30   0x00000180   Data   RO         5894    .conststring        peer_database.o
    0x0002eeb0   0x0002eeb0   0x00000048   Data   RO         6159    .conststring        peer_manager.o
    0x0002eef8   0x0002eef8   0x00000242   Data   RO         6596    .conststring        security_dispatcher.o
    0x0002f13a   0x0002f13a   0x00000002   PAD
    0x0002f13c   0x0002f13c   0x0000017b   Data   RO         6774    .conststring        security_manager.o
    0x0002f2b7   0x0002f2b7   0x00000001   PAD
    0x0002f2b8   0x0002f2b8   0x00000006   Data   RO          372    .conststrlit        nrf_drv_clock.o
    0x0002f2be   0x0002f2be   0x00000002   PAD
    0x0002f2c0   0x0002f2c0   0x00000006   Data   RO          619    .conststrlit        nrfx_clock.o
    0x0002f2c6   0x0002f2c6   0x00000002   PAD
    0x0002f2c8   0x0002f2c8   0x00000007   Data   RO          806    .conststrlit        nrfx_gpiote.o
    0x0002f2cf   0x0002f2cf   0x00000001   PAD
    0x0002f2d0   0x0002f2d0   0x00000005   Data   RO         1140    .conststrlit        nrfx_uart.o
    0x0002f2d5   0x0002f2d5   0x00000003   PAD
    0x0002f2d8   0x0002f2d8   0x00000006   Data   RO         1379    .conststrlit        nrfx_uarte.o
    0x0002f2de   0x0002f2de   0x00000002   PAD
    0x0002f2e0   0x0002f2e0   0x00000004   Data   RO         1557    .conststrlit        nrfx_prs.o
    0x0002f2e4   0x0002f2e4   0x0000000d   Data   RO         2824    .conststrlit        nrf_fstorage.o
    0x0002f2f1   0x0002f2f1   0x00000003   PAD
    0x0002f2f4   0x0002f2f4   0x00000009   Data   RO         3115    .conststrlit        nrf_pwr_mgmt.o
    0x0002f2fd   0x0002f2fd   0x00000003   PAD
    0x0002f300   0x0002f300   0x00000004   Data   RO         3628    .conststrlit        nrf_log_frontend.o
    0x0002f304   0x0002f304   0x00000010   Data   RO         3797    .conststrlit        nrf_log_default_backends.o
    0x0002f314   0x0002f314   0x0000000c   Data   RO         4218    .conststrlit        nrf_sdh_soc.o
    0x0002f320   0x0002f320   0x0000000c   Data   RO         4253    .conststrlit        nrf_sdh_ble.o
    0x0002f32c   0x0002f32c   0x00000008   Data   RO         4351    .conststrlit        nrf_sdh.o
    0x0002f334   0x0002f334   0x0000000d   Data   RO         5093    .conststrlit        nrf_ble_gatt.o
    0x0002f341   0x0002f341   0x00000003   PAD
    0x0002f344   0x0002f344   0x00000011   Data   RO         5289    .conststrlit        gatt_cache_manager.o
    0x0002f355   0x0002f355   0x00000003   PAD
    0x0002f358   0x0002f358   0x00000012   Data   RO         5451    .conststrlit        gatts_cache_manager.o
    0x0002f36a   0x0002f36a   0x00000002   PAD
    0x0002f36c   0x0002f36c   0x00000010   Data   RO         5555    .conststrlit        id_manager.o
    0x0002f37c   0x0002f37c   0x00000011   Data   RO         5724    .conststrlit        peer_data_storage.o
    0x0002f38d   0x0002f38d   0x00000003   PAD
    0x0002f390   0x0002f390   0x00000011   Data   RO         5895    .conststrlit        peer_database.o
    0x0002f3a1   0x0002f3a1   0x00000003   PAD
    0x0002f3a4   0x0002f3a4   0x0000000d   Data   RO         6160    .conststrlit        peer_manager.o
    0x0002f3b1   0x0002f3b1   0x00000003   PAD
    0x0002f3b4   0x0002f3b4   0x00000015   Data   RO         6432    .conststrlit        peer_manager_handler.o
    0x0002f3c9   0x0002f3c9   0x00000003   PAD
    0x0002f3cc   0x0002f3cc   0x00000011   Data   RO         6597    .conststrlit        security_dispatcher.o
    0x0002f3dd   0x0002f3dd   0x00000003   PAD
    0x0002f3e0   0x0002f3e0   0x00000010   Data   RO         6775    .conststrlit        security_manager.o
    0x0002f3f0   0x0002f3f0   0x00000020   Data   RO         7035    Region$$Table       anon$$obj.o
    0x0002f410   0x0002f410   0x00000010   Data   RO         3799    log_backends        nrf_log_default_backends.o
    0x0002f420   0x0002f420   0x00000008   Data   RO          373    log_const_data      nrf_drv_clock.o
    0x0002f428   0x0002f428   0x00000008   Data   RO          621    log_const_data      nrfx_clock.o
    0x0002f430   0x0002f430   0x00000008   Data   RO          807    log_const_data      nrfx_gpiote.o
    0x0002f438   0x0002f438   0x00000008   Data   RO         1141    log_const_data      nrfx_uart.o
    0x0002f440   0x0002f440   0x00000008   Data   RO         1380    log_const_data      nrfx_uarte.o
    0x0002f448   0x0002f448   0x00000008   Data   RO         1559    log_const_data      nrfx_prs.o
    0x0002f450   0x0002f450   0x00000008   Data   RO         2825    log_const_data      nrf_fstorage.o
    0x0002f458   0x0002f458   0x00000008   Data   RO         3117    log_const_data      nrf_pwr_mgmt.o
    0x0002f460   0x0002f460   0x00000008   Data   RO         3630    log_const_data      nrf_log_frontend.o
    0x0002f468   0x0002f468   0x00000008   Data   RO         4219    log_const_data      nrf_sdh_soc.o
    0x0002f470   0x0002f470   0x00000008   Data   RO         4255    log_const_data      nrf_sdh_ble.o
    0x0002f478   0x0002f478   0x00000008   Data   RO         4353    log_const_data      nrf_sdh.o
    0x0002f480   0x0002f480   0x00000008   Data   RO         5094    log_const_data      nrf_ble_gatt.o
    0x0002f488   0x0002f488   0x00000008   Data   RO         5291    log_const_data      gatt_cache_manager.o
    0x0002f490   0x0002f490   0x00000008   Data   RO         5453    log_const_data      gatts_cache_manager.o
    0x0002f498   0x0002f498   0x00000008   Data   RO         5557    log_const_data      id_manager.o
    0x0002f4a0   0x0002f4a0   0x00000008   Data   RO         5726    log_const_data      peer_data_storage.o
    0x0002f4a8   0x0002f4a8   0x00000008   Data   RO         5897    log_const_data      peer_database.o
    0x0002f4b0   0x0002f4b0   0x00000008   Data   RO         6162    log_const_data      peer_manager.o
    0x0002f4b8   0x0002f4b8   0x00000008   Data   RO         6434    log_const_data      peer_manager_handler.o
    0x0002f4c0   0x0002f4c0   0x00000008   Data   RO         6599    log_const_data      security_dispatcher.o
    0x0002f4c8   0x0002f4c8   0x00000008   Data   RO         6777    log_const_data      security_manager.o
    0x0002f4d0   0x0002f4d0   0x00000014   Data   RO         3631    nrf_balloc          nrf_log_frontend.o
    0x0002f4e4   0x0002f4e4   0x00000008   Data   RO         4708    sdh_ble_observers0  ble_conn_state.o
    0x0002f4ec   0x0002f4ec   0x00000008   Data   RO         4598    sdh_ble_observers1  ble_conn_params.o
    0x0002f4f4   0x0002f4f4   0x00000008   Data   RO         6163    sdh_ble_observers1  peer_manager.o
    0x0002f4fc   0x0002f4fc   0x00000008   Data   RO         2922    sdh_req_observers0  nrf_fstorage_sd.o
    0x0002f504   0x0002f504   0x00000008   Data   RO          374    sdh_soc_observers0  nrf_drv_clock.o
    0x0002f50c   0x0002f50c   0x00000008   Data   RO         2923    sdh_soc_observers0  nrf_fstorage_sd.o
    0x0002f514   0x0002f514   0x00000008   Data   RO         4220    sdh_stack_observers0  nrf_sdh_soc.o
    0x0002f51c   0x0002f51c   0x00000008   Data   RO         4256    sdh_stack_observers0  nrf_sdh_ble.o
    0x0002f524   0x0002f524   0x00000008   Data   RO          375    sdh_state_observers0  nrf_drv_clock.o
    0x0002f52c   0x0002f52c   0x00000008   Data   RO         2924    sdh_state_observers0  nrf_fstorage_sd.o


    Execution Region RW_IRAM1 (Exec base: 0x20002218, Load base: 0x0002f534, Size: 0x00003070, Max: 0x0000dde8, ABSOLUTE, COMPRESSED[0x00000044])

    Exec Addr    Load Addr    Size         Type   Attr      Idx    E Section Name        Object

    0x20002218   COMPRESSED   0x00000004   Data   RW           25    .data               system_nrf52.o
    0x2000221c   COMPRESSED   0x00000008   Data   RW          620    .data               nrfx_clock.o
    0x20002224   COMPRESSED   0x00000008   Data   RW         1558    .data               nrfx_prs.o
    0x2000222c   COMPRESSED   0x00000014   Data   RW         1776    .data               app_timer.o
    0x20002240   COMPRESSED   0x00000030   Data   RW         2041    .data               fds.o
    0x20002270   COMPRESSED   0x00000008   Data   RW         2921    .data               nrf_fstorage_sd.o
    0x20002278   COMPRESSED   0x00000001   Data   RW         3483    .data               nrf_log_backend_rtt.o
    0x20002279   COMPRESSED   0x00000003   PAD
    0x2000227c   COMPRESSED   0x00000040   Data   RW         3550    .data               nrf_log_str_formatter.o
    0x200022bc   COMPRESSED   0x00000010   Data   RW         3629    .data               nrf_log_frontend.o
    0x200022cc   COMPRESSED   0x00000008   Data   RW         3798    .data               nrf_log_default_backends.o
    0x200022d4   COMPRESSED   0x00000001   Data   RW         4254    .data               nrf_sdh_ble.o
    0x200022d5   COMPRESSED   0x00000003   Data   RW         4352    .data               nrf_sdh.o
    0x200022d8   COMPRESSED   0x00000008   Data   RW         4597    .data               ble_conn_params.o
    0x200022e0   COMPRESSED   0x00000011   Data   RW         5290    .data               gatt_cache_manager.o
    0x200022f1   COMPRESSED   0x00000001   PAD
    0x200022f2   COMPRESSED   0x00000006   Data   RW         5452    .data               gatts_cache_manager.o
    0x200022f8   COMPRESSED   0x0000000c   Data   RW         5725    .data               peer_data_storage.o
    0x20002304   COMPRESSED   0x00000008   Data   RW         5896    .data               peer_database.o
    0x2000230c   COMPRESSED   0x0000000f   Data   RW         6161    .data               peer_manager.o
    0x2000231b   COMPRESSED   0x00000005   Data   RW         6598    .data               security_dispatcher.o
    0x20002320   COMPRESSED   0x00000018   Data   RW         6776    .data               security_manager.o
    0x20002338   COMPRESSED   0x00000014   Data   RW         2042    fs_data             fds.o
    0x2000234c        -       0x00000020   Zero   RW          143    .bss                main.o
    0x2000236c        -       0x00000014   Zero   RW          370    .bss                nrf_drv_clock.o
    0x20002380        -       0x0000005c   Zero   RW          804    .bss                nrfx_gpiote.o
    0x200023dc        -       0x0000010c   Zero   RW         1774    .bss                app_timer.o
    0x200024e8        -       0x000000f0   Zero   RW         2039    .bss                fds.o
    0x200025d8        -       0x000000b0   Zero   RW         2919    .bss                nrf_fstorage_sd.o
    0x20002688        -       0x0000000c   Zero   RW         3358    .bss                app_util_platform.o
    0x20002694        -       0x00000040   Zero   RW         3481    .bss                nrf_log_backend_rtt.o
    0x200026d4        -       0x0000057c   Zero   RW         3626    .bss                nrf_log_frontend.o
    0x20002c50        -       0x00000288   Zero   RW         4004    .bss                segger_rtt.o
    0x20002ed8        -       0x00000050   Zero   RW         4596    .bss                ble_conn_params.o
    0x20002f28        -       0x00000078   Zero   RW         4707    .bss                ble_conn_state.o
    0x20002fa0        -       0x000000d8   Zero   RW         5552    .bss                id_manager.o
    0x20003078        -       0x00000180   Zero   RW         5892    .bss                peer_database.o
    0x200031f8        -       0x00000040   Zero   RW         6033    .bss                peer_id.o
    0x20003238        -       0x0000000c   Zero   RW         6157    .bss                peer_manager.o
    0x20003244        -       0x00000040   Zero   RW         6594    .bss                security_dispatcher.o
    0x20003284   COMPRESSED   0x00000004   PAD
    0x20003288        -       0x00002000   Zero   RW            1    STACK               arm_startup_nrf52.o


==============================================================================

Image component sizes


      Code (inc. data)   RO Data    RW Data    ZI Data      Debug   Object Name

         0          0          0          0          0        392   app_button.o
        28          0          0          0          0       2285   app_error.o
       164         46          0          0          0       3830   app_error_weak.o
         0          0          0          0          0      36582   app_scheduler.o
      2064        242          6         20        268      50463   app_timer.o
       200         24          0          0         12       6862   app_util_platform.o
        36          8        512          0       8192        892   arm_startup_nrf52.o
         0          0          0          0          0       7012   ble_advdata.o
       628         30          8          8         80      10872   ble_conn_params.o
       722         64          8          0        120      11221   ble_conn_state.o
        30          0          0          0          0      38372   ble_srv_common.o
      3730        374         24         68        240      48808   fds.o
      1994        548        449         17          0      22812   gatt_cache_manager.o
       676         62        374          6          0      13515   gatts_cache_manager.o
      1080         34         32          0        216      13794   id_manager.o
       592        164          4          0         32      55436   main.o
       374          0          0          0          0       6064   nrf_atfifo.o
       232          0          0          0          0       5160   nrf_atflags.o
       444          0          0          0          0       9248   nrf_atomic.o
       218          0          0          0          0       3411   nrf_balloc.o
         0          0         21          0          0      29385   nrf_ble_gatt.o
       364         48         30          0         20      43152   nrf_drv_clock.o
        70          0          0          0          0       3217   nrf_fprintf.o
      1018          6         16          0          0       5614   nrf_fprintf_format.o
      1044        356        194          0          0       7176   nrf_fstorage.o
      1118        118         72          8        176      18787   nrf_fstorage_sd.o
       176         16         22          1         64       6069   nrf_log_backend_rtt.o
       242          0          0          0          0      10529   nrf_log_backend_serial.o
        40          6         32          8          0       3041   nrf_log_default_backends.o
      2114        136         44         16       1404      29939   nrf_log_frontend.o
       622        114        102         64          0       5368   nrf_log_str_formatter.o
       514          0          0          0          0       8919   nrf_memobj.o
         0          0         17          0          0       5976   nrf_pwr_mgmt.o
        28          0          0          0          0       2055   nrf_ringbuf.o
       804         86        104          3          0      39578   nrf_sdh.o
       112         10         76          1          0      46364   nrf_sdh_ble.o
        84          4         56          0          0       2404   nrf_sdh_soc.o
       112          0          0          0          0       2460   nrf_section_iter.o
        92         10       1319          0          0       2407   nrf_strerror.o
       380         38         14          8          0      41220   nrfx_clock.o
       764         30         77          0         92      52062   nrfx_gpiote.o
        16          6         12          8          0       1814   nrfx_prs.o
         0          0         13          0          0       8017   nrfx_uart.o
         0          0         14          0          0       9178   nrfx_uarte.o
       916         48        217         12          0      16003   peer_data_storage.o
      1674        212        425          8        384      19918   peer_database.o
       372         40          0          0         64       7508   peer_id.o
       842         66        101         15         12      10775   peer_manager.o
         0          0         29          0          0       1681   peer_manager_handler.o
       252          0          0          0          0       4910   pm_buffer.o
      2182        256        743          5         64      27740   security_dispatcher.o
      1038        122        407         24          0      45007   security_manager.o
       470         44          0          0        648       7737   segger_rtt.o
      1320        142          0          4          0      67614   system_nrf52.o

    ----------------------------------------------------------------------
     32070       3510       5676        308      12092     940655   Object Totals
         0          0         32          0          0          0   (incl. Generated)
        78          0         70          4          4          0   (incl. Padding)

    ----------------------------------------------------------------------

      Code (inc. data)   RO Data    RW Data    ZI Data      Debug   Library Member Name

        86          0          0          0          0          0   __dczerorl2.o
         8          4        133          0          0         68   ctype_o.o
         0          0          0          0          0          0   entry.o
         0          0          0          0          0          0   entry10a.o
         0          0          0          0          0          0   entry11a.o
         8          4          0          0          0          0   entry2.o
         4          0          0          0          0          0   entry5.o
         0          0          0          0          0          0   entry7b.o
         0          0          0          0          0          0   entry8b.o
         8          4          0          0          0          0   entry9a.o
        30          0          0          0          0          0   handlers.o
        36          8          0          0          0         68   init.o
        26          0          0          0          0         80   memcmp.o
        36          0          0          0          0         68   memcpya.o
        36          0          0          0          0        108   memseta.o
        18          0          0          0          0         68   strcpy.o
        14          0          0          0          0         68   strlen.o

    ----------------------------------------------------------------------
       314         20        136          0          0        528   Library Totals
         4          0          3          0          0          0   (incl. Padding)

    ----------------------------------------------------------------------

      Code (inc. data)   RO Data    RW Data    ZI Data      Debug   Library Name

       310         20        133          0          0        528   mc_w.l

    ----------------------------------------------------------------------
       314         20        136          0          0        528   Library Totals

    ----------------------------------------------------------------------

==============================================================================


      Code (inc. data)   RO Data    RW Data    ZI Data      Debug   

     32384       3530       5812        308      12092     897611   Grand Totals
     32384       3530       5812         68      12092     897611   ELF Image Totals (compressed)
     32384       3530       5812         68          0          0   ROM Totals

==============================================================================

    Total RO  Size (Code + RO Data)                38196 (  37.30kB)
    Total RW  Size (RW Data + ZI Data)             12400 (  12.11kB)
    Total ROM Size (Code + RO Data + RW Data)      38264 (  37.37kB)

==============================================================================

