<html>
<body>
<pre>
<h1>µVision Build Log</h1>
<h2>Tool Versions:</h2>
IDE-Version: ¦ÌVision V5.24.2.0
Copyright (C) 2017 ARM Ltd and ARM Germany GmbH. All rights reserved.
License Information: 007 RD, 007, LIC=HF8WF-69BR9-XBQEC-7MPLV-IVFYQ-TU10A
 
Tool Versions:
Toolchain:       MDK-ARM Professional  Version: 5.24.1
Toolchain Path:  C:\Keil_v5\ARM\ARMCC\Bin
C Compiler:      Armcc.exe V5.06 update 5 (build 528)
Assembler:       Armasm.exe V5.06 update 5 (build 528)
Linker/Locator:  ArmLink.exe V5.06 update 5 (build 528)
Library Manager: ArmAr.exe V5.06 update 5 (build 528)
Hex Converter:   FromElf.exe V5.06 update 5 (build 528)
CPU DLL:         SARMCM3.DLL V5.24.1
Dialog DLL:      DCM.DLL V1.16.0.0
Target DLL:      Segger\JL2CM3.dll V2.99.26.0
Dialog DLL:      TCM.DLL V1.32.0.0
 
<h2>Project:</h2>
E:\nRF5_SDK_15.2.0_9412b96\nRF32_Demo\project\mdk\ble_app_demo_s132.uvprojx
Project File Date:  08/26/2020

<h2>Output:</h2>
*** Using Compiler 'V5.06 update 5 (build 528)', folder: 'C:\Keil_v5\ARM\ARMCC\Bin'
Build target 'Target 1'
compiling nrf_drv_clock.c...
compiling advertising.c...
compiling service.c...
compiling main.c...
..\main.c(300): warning:  #177-D: variable "err_code"  was declared but never referenced
  	ret_code_t err_code;
..\main.c(29): warning:  #177-D: function "power_management_init"  was declared but never referenced
  static void power_management_init(void)
..\main.c(86): warning:  #177-D: function "gap_params_init"  was declared but never referenced
  static void gap_params_init(void)
..\main.c(126): warning:  #177-D: function "gatt_init"  was declared but never referenced
  static void gatt_init(void)
..\main.c(225): warning:  #177-D: function "conn_params_init"  was declared but never referenced
  static void conn_params_init(void)
..\main.c(290): warning:  #177-D: function "idle_state_handle"  was declared but never referenced
  static void idle_state_handle(void)
..\main.c: 6 warnings, 0 errors
compiling nrf_drv_uart.c...
compiling nrfx_power_clock.c...
compiling nrfx_gpiote.c...
compiling nrfx_clock.c...
compiling nrfx_prs.c...
compiling app_button.c...
compiling nrfx_uart.c...
compiling nrfx_uarte.c...
compiling hardfault_implementation.c...
compiling app_scheduler.c...
compiling fds.c...
compiling app_timer.c...
compiling nrf_atomic.c...
compiling nrf_atflags.c...
compiling nrf_atfifo.c...
compiling nrf_balloc.c...
compiling nrf_fprintf.c...
compiling nrf_fprintf_format.c...
compiling nrf_fstorage.c...
compiling nrf_fstorage_sd.c...
compiling nrf_section_iter.c...
compiling nrf_memobj.c...
compiling nrf_ringbuf.c...
compiling nrf_pwr_mgmt.c...
compiling nrf_strerror.c...
compiling app_error_handler_keil.c...
compiling app_error_weak.c...
compiling app_uart_fifo.c...
compiling retarget.c...
compiling app_fifo.c...
compiling nrf_nvmc.c...
compiling nrf_fstorage_nvmc.c...
compiling nrf_log_str_formatter.c...
compiling nrf_log_backend_rtt.c...
compiling nrf_log_frontend.c...
compiling nrf_log_default_backends.c...
compiling nrf_log_backend_uart.c...
compiling nrf_log_backend_serial.c...
compiling SEGGER_RTT_Syscalls_KEIL.c...
compiling SEGGER_RTT.c...
compiling SEGGER_RTT_printf.c...
compiling nrf_sdh_soc.c...
compiling nrf_sdh_ble.c...
compiling nrf_sdh.c...
compiling ble_advdata.c...
compiling ble_conn_params.c...
compiling ble_conn_state.c...
compiling ble_advertising.c...
compiling nrf_ble_qwr.c...
compiling nrf_ble_gatt.c...
compiling auth_status_tracker.c...
compiling gatts_cache_manager.c...
compiling gatt_cache_manager.c...
compiling id_manager.c...
compiling peer_data_storage.c...
compiling peer_id.c...
compiling peer_manager_handler.c...
compiling peer_database.c...
compiling peer_manager.c...
compiling pm_buffer.c...
compiling ble_hrs.c...
compiling security_dispatcher.c...
compiling my_queue.c...
compiling security_manager.c...
compiling ble_dis.c...
linking...
Program Size: Code=36360 RO-data=6552 RW-data=308 ZI-data=13300  
FromELF: creating hex file...
".\Objects\ble_app_demo_s132.axf" - 0 Error(s), 6 Warning(s).

<h2>Software Packages used:</h2>

Package Vendor: NordicSemiconductor
                http://developer.nordicsemi.com/nRF5_SDK/pieces/nRF_DeviceFamilyPack/NordicSemiconductor.nRF_DeviceFamilyPack.8.9.0.pack
                NordicSemiconductor.nRF_DeviceFamilyPack.8.9.0
                Nordic Semiconductor nRF ARM devices Device Family Pack.

<h2>Collection of Component include folders:</h2>
  .\RTE\_Target_1
  C:\Keil_v5\ARM\PACK\NordicSemiconductor\nRF_DeviceFamilyPack\8.9.0\Device\Include

<h2>Collection of Component Files used:</h2>
Build Time Elapsed:  00:00:44
</pre>
</body>
</html>
